Archive member included to satisfy reference by file (symbol)

c:/users/user/appdata/roaming/code/user/globalstorage/bmd.stm32-for-vscode/@xpack-dev-tools/arm-none-eabi-gcc/12.2.1-1.2.1/.content/bin/../lib/gcc/arm-none-eabi/12.2.1/../../../../arm-none-eabi/lib/thumb/v6-m/nofp\libc_nano.a(libc_a-atexit.o)
                              c:/users/user/appdata/roaming/code/user/globalstorage/bmd.stm32-for-vscode/@xpack-dev-tools/arm-none-eabi-gcc/12.2.1-1.2.1/.content/bin/../lib/gcc/arm-none-eabi/12.2.1/../../../../arm-none-eabi/lib/thumb/v6-m/nofp/crt0.o (atexit)
c:/users/user/appdata/roaming/code/user/globalstorage/bmd.stm32-for-vscode/@xpack-dev-tools/arm-none-eabi-gcc/12.2.1-1.2.1/.content/bin/../lib/gcc/arm-none-eabi/12.2.1/../../../../arm-none-eabi/lib/thumb/v6-m/nofp\libc_nano.a(libc_a-exit.o)
                              c:/users/user/appdata/roaming/code/user/globalstorage/bmd.stm32-for-vscode/@xpack-dev-tools/arm-none-eabi-gcc/12.2.1-1.2.1/.content/bin/../lib/gcc/arm-none-eabi/12.2.1/../../../../arm-none-eabi/lib/thumb/v6-m/nofp/crt0.o (exit)
c:/users/user/appdata/roaming/code/user/globalstorage/bmd.stm32-for-vscode/@xpack-dev-tools/arm-none-eabi-gcc/12.2.1-1.2.1/.content/bin/../lib/gcc/arm-none-eabi/12.2.1/../../../../arm-none-eabi/lib/thumb/v6-m/nofp\libc_nano.a(libc_a-findfp.o)
                              c:/users/user/appdata/roaming/code/user/globalstorage/bmd.stm32-for-vscode/@xpack-dev-tools/arm-none-eabi-gcc/12.2.1-1.2.1/.content/bin/../lib/gcc/arm-none-eabi/12.2.1/../../../../arm-none-eabi/lib/thumb/v6-m/nofp\libc_nano.a(libc_a-exit.o) (__stdio_exit_handler)
c:/users/user/appdata/roaming/code/user/globalstorage/bmd.stm32-for-vscode/@xpack-dev-tools/arm-none-eabi-gcc/12.2.1-1.2.1/.content/bin/../lib/gcc/arm-none-eabi/12.2.1/../../../../arm-none-eabi/lib/thumb/v6-m/nofp\libc_nano.a(libc_a-fwalk.o)
                              c:/users/user/appdata/roaming/code/user/globalstorage/bmd.stm32-for-vscode/@xpack-dev-tools/arm-none-eabi-gcc/12.2.1-1.2.1/.content/bin/../lib/gcc/arm-none-eabi/12.2.1/../../../../arm-none-eabi/lib/thumb/v6-m/nofp\libc_nano.a(libc_a-findfp.o) (_fwalk_sglue)
c:/users/user/appdata/roaming/code/user/globalstorage/bmd.stm32-for-vscode/@xpack-dev-tools/arm-none-eabi-gcc/12.2.1-1.2.1/.content/bin/../lib/gcc/arm-none-eabi/12.2.1/../../../../arm-none-eabi/lib/thumb/v6-m/nofp\libc_nano.a(libc_a-stdio.o)
                              c:/users/user/appdata/roaming/code/user/globalstorage/bmd.stm32-for-vscode/@xpack-dev-tools/arm-none-eabi-gcc/12.2.1-1.2.1/.content/bin/../lib/gcc/arm-none-eabi/12.2.1/../../../../arm-none-eabi/lib/thumb/v6-m/nofp\libc_nano.a(libc_a-findfp.o) (__sread)
c:/users/user/appdata/roaming/code/user/globalstorage/bmd.stm32-for-vscode/@xpack-dev-tools/arm-none-eabi-gcc/12.2.1-1.2.1/.content/bin/../lib/gcc/arm-none-eabi/12.2.1/../../../../arm-none-eabi/lib/thumb/v6-m/nofp\libc_nano.a(libc_a-memset.o)
                              c:/users/user/appdata/roaming/code/user/globalstorage/bmd.stm32-for-vscode/@xpack-dev-tools/arm-none-eabi-gcc/12.2.1-1.2.1/.content/bin/../lib/gcc/arm-none-eabi/12.2.1/../../../../arm-none-eabi/lib/thumb/v6-m/nofp/crt0.o (memset)
c:/users/user/appdata/roaming/code/user/globalstorage/bmd.stm32-for-vscode/@xpack-dev-tools/arm-none-eabi-gcc/12.2.1-1.2.1/.content/bin/../lib/gcc/arm-none-eabi/12.2.1/../../../../arm-none-eabi/lib/thumb/v6-m/nofp\libc_nano.a(libc_a-closer.o)
                              c:/users/user/appdata/roaming/code/user/globalstorage/bmd.stm32-for-vscode/@xpack-dev-tools/arm-none-eabi-gcc/12.2.1-1.2.1/.content/bin/../lib/gcc/arm-none-eabi/12.2.1/../../../../arm-none-eabi/lib/thumb/v6-m/nofp\libc_nano.a(libc_a-stdio.o) (_close_r)
c:/users/user/appdata/roaming/code/user/globalstorage/bmd.stm32-for-vscode/@xpack-dev-tools/arm-none-eabi-gcc/12.2.1-1.2.1/.content/bin/../lib/gcc/arm-none-eabi/12.2.1/../../../../arm-none-eabi/lib/thumb/v6-m/nofp\libc_nano.a(libc_a-reent.o)
                              c:/users/user/appdata/roaming/code/user/globalstorage/bmd.stm32-for-vscode/@xpack-dev-tools/arm-none-eabi-gcc/12.2.1-1.2.1/.content/bin/../lib/gcc/arm-none-eabi/12.2.1/../../../../arm-none-eabi/lib/thumb/v6-m/nofp\libc_nano.a(libc_a-closer.o) (errno)
c:/users/user/appdata/roaming/code/user/globalstorage/bmd.stm32-for-vscode/@xpack-dev-tools/arm-none-eabi-gcc/12.2.1-1.2.1/.content/bin/../lib/gcc/arm-none-eabi/12.2.1/../../../../arm-none-eabi/lib/thumb/v6-m/nofp\libc_nano.a(libc_a-impure.o)
                              c:/users/user/appdata/roaming/code/user/globalstorage/bmd.stm32-for-vscode/@xpack-dev-tools/arm-none-eabi-gcc/12.2.1-1.2.1/.content/bin/../lib/gcc/arm-none-eabi/12.2.1/../../../../arm-none-eabi/lib/thumb/v6-m/nofp\libc_nano.a(libc_a-reent.o) (_impure_ptr)
c:/users/user/appdata/roaming/code/user/globalstorage/bmd.stm32-for-vscode/@xpack-dev-tools/arm-none-eabi-gcc/12.2.1-1.2.1/.content/bin/../lib/gcc/arm-none-eabi/12.2.1/../../../../arm-none-eabi/lib/thumb/v6-m/nofp\libc_nano.a(libc_a-lseekr.o)
[...]
Memory Configuration

Name             Origin             Length             Attributes
RAM              0x0000000020000000 0x0000000000002000 xrw
FLASH            0x0000000008000000 0x0000000000008000 xr
*default*        0x0000000000000000 0xffffffffffffffff

Linker script and memory map

LOAD c:/users/user/appdata/roaming/code/user/globalstorage/bmd.stm32-for-vscode/@xpack-dev-tools/arm-none-eabi-gcc/12.2.1-1.2.1/.content/bin/../lib/gcc/arm-none-eabi/12.2.1/thumb/v6-m/nofp/crti.o
LOAD c:/users/user/appdata/roaming/code/user/globalstorage/bmd.stm32-for-vscode/@xpack-dev-tools/arm-none-eabi-gcc/12.2.1-1.2.1/.content/bin/../lib/gcc/arm-none-eabi/12.2.1/thumb/v6-m/nofp/crtbegin.o
LOAD c:/users/user/appdata/roaming/code/user/globalstorage/bmd.stm32-for-vscode/@xpack-dev-tools/arm-none-eabi-gcc/12.2.1-1.2.1/.content/bin/../lib/gcc/arm-none-eabi/12.2.1/../../../../arm-none-eabi/lib/thumb/v6-m/nofp/crt0.o
LOAD build/main.o
LOAD build/stm32f0xx_it.o
LOAD build/system_stm32f0xx.o
LOAD build/stm32f0xx_ll_exti.o
LOAD build/stm32f0xx_ll_gpio.o
LOAD build/stm32f0xx_ll_pwr.o
LOAD build/stm32f0xx_ll_rcc.o
LOAD build/stm32f0xx_ll_utils.o
LOAD build/startup_stm32f051x8.o
LOAD c:/users/user/appdata/roaming/code/user/globalstorage/bmd.stm32-for-vscode/@xpack-dev-tools/arm-none-eabi-gcc/12.2.1-1.2.1/.content/bin/../lib/gcc/arm-none-eabi/12.2.1/../../../../arm-none-eabi/lib/thumb/v6-m/nofp\libc_nano.a
LOAD c:/users/user/appdata/roaming/code/user/globalstorage/bmd.stm32-for-vscode/@xpack-dev-tools/arm-none-eabi-gcc/12.2.1-1.2.1/.content/bin/../lib/gcc/arm-none-eabi/12.2.1/../../../../arm-none-eabi/lib/thumb/v6-m/nofp\libm.a
LOAD c:/users/user/appdata/roaming/code/user/globalstorage/bmd.stm32-for-vscode/@xpack-dev-tools/arm-none-eabi-gcc/12.2.1-1.2.1/.content/bin/../lib/gcc/arm-none-eabi/12.2.1/../../../../arm-none-eabi/lib/thumb/v6-m/nofp\libnosys.a
START GROUP
LOAD c:/users/user/appdata/roaming/code/user/globalstorage/bmd.stm32-for-vscode/@xpack-dev-tools/arm-none-eabi-gcc/12.2.1-1.2.1/.content/bin/../lib/gcc/arm-none-eabi/12.2.1/thumb/v6-m/nofp\libgcc.a
LOAD c:/users/user/appdata/roaming/code/user/globalstorage/bmd.stm32-for-vscode/@xpack-dev-tools/arm-none-eabi-gcc/12.2.1-1.2.1/.content/bin/../lib/gcc/arm-none-eabi/12.2.1/../../../../arm-none-eabi/lib/thumb/v6-m/nofp\libc_nano.a
END GROUP
START GROUP
LOAD c:/users/user/appdata/roaming/code/user/globalstorage/bmd.stm32-for-vscode/@xpack-dev-tools/arm-none-eabi-gcc/12.2.1-1.2.1/.content/bin/../lib/gcc/arm-none-eabi/12.2.1/thumb/v6-m/nofp\libgcc.a
LOAD c:/users/user/appdata/roaming/code/user/globalstorage/bmd.stm32-for-vscode/@xpack-dev-tools/arm-none-eabi-gcc/12.2.1-1.2.1/.content/bin/../lib/gcc/arm-none-eabi/12.2.1/../../../../arm-none-eabi/lib/thumb/v6-m/nofp\libc_nano.a
END GROUP
LOAD c:/users/user/appdata/roaming/code/user/globalstorage/bmd.stm32-for-vscode/@xpack-dev-tools/arm-none-eabi-gcc/12.2.1-1.2.1/.content/bin/../lib/gcc/arm-none-eabi/12.2.1/thumb/v6-m/nofp/crtend.o
LOAD c:/users/user/appdata/roaming/code/user/globalstorage/bmd.stm32-for-vscode/@xpack-dev-tools/arm-none-eabi-gcc/12.2.1-1.2.1/.content/bin/../lib/gcc/arm-none-eabi/12.2.1/thumb/v6-m/nofp/crtn.o
                0x0000000020002000                _estack = (ORIGIN (RAM) + LENGTH (RAM))
                0x0000000000000200                _Min_Heap_Size = 0x200
                0x0000000000000400                _Min_Stack_Size = 0x400

.isr_vector     0x0000000008000000       0xc0
                0x0000000008000000                . = ALIGN (0x4)
 *(.isr_vector)
 .isr_vector    0x0000000008000000       0xc0 build/startup_stm32f051x8.o
                0x0000000008000000                g_pfnVectors
                0x00000000080000c0                . = ALIGN (0x4)

.text           0x00000000080000c0      0xbb8
                0x00000000080000c0                . = ALIGN (0x4)
 *(.text)
 .text          0x00000000080000c0      0x114 c:/users/user/appdata/roaming/code/user/globalstorage/bmd.stm32-for-vscode/@xpack-dev-tools/arm-none-eabi-gcc/12.2.1-1.2.1/.content/bin/../lib/gcc/arm-none-eabi/12.2.1/thumb/v6-m/nofp\libgcc.a(_udivsi3.o)
                0x00000000080000c0                __aeabi_uidiv
                0x00000000080000c0                __udivsi3
                0x00000000080001cc                __aeabi_uidivmod
 .text          0x00000000080001d4      0x1d4 c:/users/user/appdata/roaming/code/user/globalstorage/bmd.stm32-for-vscode/@xpack-dev-tools/arm-none-eabi-gcc/12.2.1-1.2.1/.content/bin/../lib/gcc/arm-none-eabi/12.2.1/thumb/v6-m/nofp\libgcc.a(_divsi3.o)
                0x00000000080001d4                __divsi3
                0x00000000080001d4                __aeabi_idiv
                0x00000000080003a0                __aeabi_idivmod
 .text          0x00000000080003a8        0x4 c:/users/user/appdata/roaming/code/user/globalstorage/bmd.stm32-for-vscode/@xpack-dev-tools/arm-none-eabi-gcc/12.2.1-1.2.1/.content/bin/../lib/gcc/arm-none-eabi/12.2.1/thumb/v6-m/nofp\libgcc.a(_dvmd_tls.o)
                0x00000000080003a8                __aeabi_idiv0
                0x00000000080003a8                __aeabi_ldiv0
 *(.text*)
 .text.__do_global_dtors_aux
                0x00000000080003ac       0x28 c:/users/user/appdata/roaming/code/user/globalstorage/bmd.stm32-for-vscode/@xpack-dev-tools/arm-none-eabi-gcc/12.2.1-1.2.1/.content/bin/../lib/gcc/arm-none-eabi/12.2.1/thumb/v6-m/nofp/crtbegin.o
 .text.frame_dummy
                0x00000000080003d4       0x20 c:/users/user/appdata/roaming/code/user/globalstorage/bmd.stm32-for-vscode/@xpack-dev-tools/arm-none-eabi-gcc/12.2.1-1.2.1/.content/bin/../lib/gcc/arm-none-eabi/12.2.1/thumb/v6-m/nofp/crtbegin.o
 .text.delay    0x00000000080003f4       0x20 build/main.o
                0x00000000080003f4                delay
 .text.pulse_strobe
                0x0000000008000414       0x38 build/main.o
                0x0000000008000414                pulse_strobe
 .text.lcd_putchar
                0x000000000800044c      0x124 build/main.o
                0x000000000800044c                lcd_putchar
 .text.lcd_command
                0x0000000008000570      0x130 build/main.o
                0x0000000008000570                lcd_command
 .text.init_LCD
                0x00000000080006a0       0x80 build/main.o
                0x00000000080006a0                init_LCD
 .text.init_GPIOA
                0x0000000008000720       0x38 build/main.o
                0x0000000008000720                init_GPIOA
 .text.init_GPIOB
                0x0000000008000758       0x64 build/main.o
                0x0000000008000758                init_GPIOB
 .text.init_ADC
                0x00000000080007bc       0x4c build/main.o
                0x00000000080007bc                init_ADC
 .text.adcLCDdisplay
                0x0000000008000808       0xa2 build/main.o
                0x0000000008000808                adcLCDdisplay
 *fill*         0x00000000080008aa        0x2 
 .text.init_TIM14
                0x00000000080008ac       0x40 build/main.o
                0x00000000080008ac                init_TIM14
 .text.TIM14_IRQHandler
                0x00000000080008ec       0x50 build/main.o
                0x00000000080008ec                TIM14_IRQHandler
 .text.leftLED  0x000000000800093c       0x38 build/main.o
                0x000000000800093c                leftLED
 .text.frontLED
                0x0000000008000974       0x64 build/main.o
                0x0000000008000974                frontLED
 .text.rightLED
                0x00000000080009d8       0x38 build/main.o
                0x00000000080009d8                rightLED
 .text.main     0x0000000008000a10      0x1a8 build/main.o
                0x0000000008000a10                main
 .text.NMI_Handler
                0x0000000008000bb8        0x2 build/stm32f0xx_it.o
                0x0000000008000bb8                NMI_Handler
 .text.HardFault_Handler
                0x0000000008000bba        0x2 build/stm32f0xx_it.o
                0x0000000008000bba                HardFault_Handler
 .text.SVC_Handler
                0x0000000008000bbc        0x2 build/stm32f0xx_it.o
                0x0000000008000bbc                SVC_Handler
 .text.PendSV_Handler
                0x0000000008000bbe        0x2 build/stm32f0xx_it.o
                0x0000000008000bbe                PendSV_Handler
 .text.SysTick_Handler
                0x0000000008000bc0        0x2 build/stm32f0xx_it.o
                0x0000000008000bc0                SysTick_Handler
 .text.SystemInit
                0x0000000008000bc2        0x2 build/system_stm32f0xx.o
                0x0000000008000bc2                SystemInit
 .text.Reset_Handler
                0x0000000008000bc4       0x50 build/startup_stm32f051x8.o
                0x0000000008000bc4                Reset_Handler
 .text.Default_Handler
                0x0000000008000c14        0x2 build/startup_stm32f051x8.o
                0x0000000008000c14                TIM1_CC_IRQHandler
                0x0000000008000c14                TSC_IRQHandler
                0x0000000008000c14                ADC1_COMP_IRQHandler
                0x0000000008000c14                PVD_IRQHandler
                0x0000000008000c14                I2C1_IRQHandler
                0x0000000008000c14                RCC_CRS_IRQHandler
                0x0000000008000c14                SPI1_IRQHandler
                0x0000000008000c14                TIM6_DAC_IRQHandler
                0x0000000008000c14                EXTI2_3_IRQHandler
                0x0000000008000c14                I2C2_IRQHandler
                0x0000000008000c14                TIM17_IRQHandler
                0x0000000008000c14                CEC_CAN_IRQHandler
                0x0000000008000c14                RTC_IRQHandler
                0x0000000008000c14                TIM16_IRQHandler
                0x0000000008000c14                TIM3_IRQHandler
                0x0000000008000c14                EXTI4_15_IRQHandler
                0x0000000008000c14                DMA1_Channel1_IRQHandler
                0x0000000008000c14                Default_Handler
                0x0000000008000c14                DMA1_Channel4_5_IRQHandler
                0x0000000008000c14                TIM15_IRQHandler
                0x0000000008000c14                EXTI0_1_IRQHandler
                0x0000000008000c14                SPI2_IRQHandler
                0x0000000008000c14                WWDG_IRQHandler
                0x0000000008000c14                TIM2_IRQHandler
                0x0000000008000c14                DMA1_Channel2_3_IRQHandler
                0x0000000008000c14                USART2_IRQHandler
                0x0000000008000c14                FLASH_IRQHandler
                0x0000000008000c14                USART1_IRQHandler
                0x0000000008000c14                TIM1_BRK_UP_TRG_COM_IRQHandler
 *fill*         0x0000000008000c16        0x2 
 .text.__libc_init_array
                0x0000000008000c18       0x48 c:/users/user/appdata/roaming/code/user/globalstorage/bmd.stm32-for-vscode/@xpack-dev-tools/arm-none-eabi-gcc/12.2.1-1.2.1/.content/bin/../lib/gcc/arm-none-eabi/12.2.1/../../../../arm-none-eabi/lib/thumb/v6-m/nofp\libc_nano.a(libc_a-init.o)
                0x0000000008000c18                __libc_init_array
 *(.glue_7)
 .glue_7        0x0000000008000c60        0x0 linker stubs
 *(.glue_7t)
 .glue_7t       0x0000000008000c60        0x0 linker stubs
 *(.eh_frame)
 .eh_frame      0x0000000008000c60        0x0 c:/users/user/appdata/roaming/code/user/globalstorage/bmd.stm32-for-vscode/@xpack-dev-tools/arm-none-eabi-gcc/12.2.1-1.2.1/.content/bin/../lib/gcc/arm-none-eabi/12.2.1/thumb/v6-m/nofp/crtbegin.o
 *(.init)
 .init          0x0000000008000c60        0x4 c:/users/user/appdata/roaming/code/user/globalstorage/bmd.stm32-for-vscode/@xpack-dev-tools/arm-none-eabi-gcc/12.2.1-1.2.1/.content/bin/../lib/gcc/arm-none-eabi/12.2.1/thumb/v6-m/nofp/crti.o
                0x0000000008000c60                _init
 .init          0x0000000008000c64        0x8 c:/users/user/appdata/roaming/code/user/globalstorage/bmd.stm32-for-vscode/@xpack-dev-tools/arm-none-eabi-gcc/12.2.1-1.2.1/.content/bin/../lib/gcc/arm-none-eabi/12.2.1/thumb/v6-m/nofp/crtn.o
 *(.fini)
 .fini          0x0000000008000c6c        0x4 c:/users/user/appdata/roaming/code/user/globalstorage/bmd.stm32-for-vscode/@xpack-dev-tools/arm-none-eabi-gcc/12.2.1-1.2.1/.content/bin/../lib/gcc/arm-none-eabi/12.2.1/thumb/v6-m/nofp/crti.o
                0x0000000008000c6c                _fini
 .fini          0x0000000008000c70        0x8 c:/users/user/appdata/roaming/code/user/globalstorage/bmd.stm32-for-vscode/@xpack-dev-tools/arm-none-eabi-gcc/12.2.1-1.2.1/.content/bin/../lib/gcc/arm-none-eabi/12.2.1/thumb/v6-m/nofp/crtn.o
                0x0000000008000c78                . = ALIGN (0x4)
                0x0000000008000c78                _etext = .

.vfp11_veneer   0x0000000008000c78        0x0
 .vfp11_veneer  0x0000000008000c78        0x0 linker stubs

.v4_bx          0x0000000008000c78        0x0
 .v4_bx         0x0000000008000c78        0x0 linker stubs

.iplt           0x0000000008000c78        0x0
 .iplt          0x0000000008000c78        0x0 c:/users/user/appdata/roaming/code/user/globalstorage/bmd.stm32-for-vscode/@xpack-dev-tools/arm-none-eabi-gcc/12.2.1-1.2.1/.content/bin/../lib/gcc/arm-none-eabi/12.2.1/thumb/v6-m/nofp/crtbegin.o

.rel.dyn        0x0000000008000c78        0x0
 .rel.iplt      0x0000000008000c78        0x0 c:/users/user/appdata/roaming/code/user/globalstorage/bmd.stm32-for-vscode/@xpack-dev-tools/arm-none-eabi-gcc/12.2.1-1.2.1/.content/bin/../lib/gcc/arm-none-eabi/12.2.1/thumb/v6-m/nofp/crtbegin.o

.rodata         0x0000000008000c78        0x0
                0x0000000008000c78                . = ALIGN (0x4)
 *(.rodata)
 *(.rodata*)
                0x0000000008000c78                . = ALIGN (0x4)

.ARM.extab
 *(.ARM.extab* .gnu.linkonce.armextab.*)

.ARM            0x0000000008000c78        0x0
                0x0000000008000c78                __exidx_start = .
 *(.ARM.exidx*)
                0x0000000008000c78                __exidx_end = .

.preinit_array  0x0000000008000c78        0x0
                0x0000000008000c78                PROVIDE (__preinit_array_start = .)
 *(.preinit_array*)
                0x0000000008000c78                PROVIDE (__preinit_array_end = .)

.init_array     0x0000000008000c78        0x4
                0x0000000008000c78                PROVIDE (__init_array_start = .)
 *(SORT_BY_NAME(.init_array.*))
 *(.init_array*)
 .init_array    0x0000000008000c78        0x4 c:/users/user/appdata/roaming/code/user/globalstorage/bmd.stm32-for-vscode/@xpack-dev-tools/arm-none-eabi-gcc/12.2.1-1.2.1/.content/bin/../lib/gcc/arm-none-eabi/12.2.1/thumb/v6-m/nofp/crtbegin.o
                0x0000000008000c7c                PROVIDE (__init_array_end = .)

.fini_array     0x0000000008000c7c        0x4
                0x0000000008000c7c                PROVIDE (__fini_array_start = .)
 *(SORT_BY_NAME(.fini_array.*))
 *(.fini_array*)
 .fini_array    0x0000000008000c7c        0x4 c:/users/user/appdata/roaming/code/user/globalstorage/bmd.stm32-for-vscode/@xpack-dev-tools/arm-none-eabi-gcc/12.2.1-1.2.1/.content/bin/../lib/gcc/arm-none-eabi/12.2.1/thumb/v6-m/nofp/crtbegin.o
                0x0000000008000c80                PROVIDE (__fini_array_end = .)
                0x0000000008000c80                _sidata = LOADADDR (.data)

.data           0x0000000020000000        0x8 load address 0x0000000008000c80
                0x0000000020000000                . = ALIGN (0x4)
                0x0000000020000000                _sdata = .
 *(.data)
 *(.data*)
 .data.sideThreshold
                0x0000000020000000        0x2 build/main.o
                0x0000000020000000                sideThreshold
 .data.frontThreshold
                0x0000000020000002        0x2 build/main.o
                0x0000000020000002                frontThreshold
 .data.displayADC
                0x0000000020000004        0x1 build/main.o
                0x0000000020000004                displayADC
 .data.steadyLED
                0x0000000020000005        0x1 build/main.o
                0x0000000020000005                steadyLED
 .data.holdOnFront
                0x0000000020000006        0x1 build/main.o
                0x0000000020000006                holdOnFront
                0x0000000020000008                . = ALIGN (0x4)
 *fill*         0x0000000020000007        0x1 
                0x0000000020000008                _edata = .

.igot.plt       0x0000000020000008        0x0 load address 0x0000000008000c88
 .igot.plt      0x0000000020000008        0x0 c:/users/user/appdata/roaming/code/user/globalstorage/bmd.stm32-for-vscode/@xpack-dev-tools/arm-none-eabi-gcc/12.2.1-1.2.1/.content/bin/../lib/gcc/arm-none-eabi/12.2.1/thumb/v6-m/nofp/crtbegin.o
                0x0000000020000008                . = ALIGN (0x4)

.bss            0x0000000020000008       0x24 load address 0x0000000008000c88
                0x0000000020000008                _sbss = .
                0x0000000020000008                __bss_start__ = _sbss
 *(.bss)
 *(.bss*)
 .bss.completed.1
                0x0000000020000008        0x1 c:/users/user/appdata/roaming/code/user/globalstorage/bmd.stm32-for-vscode/@xpack-dev-tools/arm-none-eabi-gcc/12.2.1-1.2.1/.content/bin/../lib/gcc/arm-none-eabi/12.2.1/thumb/v6-m/nofp/crtbegin.o
 *fill*         0x0000000020000009        0x3 
 .bss.object.0  0x000000002000000c       0x18 c:/users/user/appdata/roaming/code/user/globalstorage/bmd.stm32-for-vscode/@xpack-dev-tools/arm-none-eabi-gcc/12.2.1-1.2.1/.content/bin/../lib/gcc/arm-none-eabi/12.2.1/thumb/v6-m/nofp/crtbegin.o
 .bss.ADC_value_right
                0x0000000020000024        0x2 build/main.o
                0x0000000020000024                ADC_value_right
 .bss.ADC_value_front
                0x0000000020000026        0x2 build/main.o
                0x0000000020000026                ADC_value_front
 .bss.ADC_value_left
                0x0000000020000028        0x2 build/main.o
                0x0000000020000028                ADC_value_left
 *(COMMON)
                0x000000002000002c                . = ALIGN (0x4)
 *fill*         0x000000002000002a        0x2 
                0x000000002000002c                _ebss = .
                0x000000002000002c                __bss_end__ = _ebss

._user_heap_stack
                0x000000002000002c      0x604 load address 0x0000000008000c88
                0x0000000020000030                . = ALIGN (0x8)
 *fill*         0x000000002000002c        0x4 
                0x0000000020000030                PROVIDE (end = .)
                [!provide]                        PROVIDE (_end = .)
                0x0000000020000230                . = (. + _Min_Heap_Size)
 *fill*         0x0000000020000030      0x200 
                0x0000000020000630                . = (. + _Min_Stack_Size)
 *fill*         0x0000000020000230      0x400 
                0x0000000020000630                . = ALIGN (0x8)

/DISCARD/
 libc.a(*)
 libm.a(*)
 libgcc.a(*)

.ARM.attributes
                0x0000000000000000       0x28
 *(.ARM.attributes)
 .ARM.attributes
                0x0000000000000000       0x1e c:/users/user/appdata/roaming/code/user/globalstorage/bmd.stm32-for-vscode/@xpack-dev-tools/arm-none-eabi-gcc/12.2.1-1.2.1/.content/bin/../lib/gcc/arm-none-eabi/12.2.1/thumb/v6-m/nofp/crti.o
 .ARM.attributes
                0x000000000000001e       0x2c c:/users/user/appdata/roaming/code/user/globalstorage/bmd.stm32-for-vscode/@xpack-dev-tools/arm-none-eabi-gcc/12.2.1-1.2.1/.content/bin/../lib/gcc/arm-none-eabi/12.2.1/thumb/v6-m/nofp/crtbegin.o
 .ARM.attributes
                0x000000000000004a       0x2c build/main.o
 .ARM.attributes
                0x0000000000000076       0x2c build/stm32f0xx_it.o
 .ARM.attributes
                0x00000000000000a2       0x2c build/system_stm32f0xx.o
 .ARM.attributes
                0x00000000000000ce       0x21 build/startup_stm32f051x8.o
 .ARM.attributes
                0x00000000000000ef       0x2c c:/users/user/appdata/roaming/code/user/globalstorage/bmd.stm32-for-vscode/@xpack-dev-tools/arm-none-eabi-gcc/12.2.1-1.2.1/.content/bin/../lib/gcc/arm-none-eabi/12.2.1/../../../../arm-none-eabi/lib/thumb/v6-m/nofp\libc_nano.a(libc_a-init.o)
 .ARM.attributes
                0x000000000000011b       0x1e c:/users/user/appdata/roaming/code/user/globalstorage/bmd.stm32-for-vscode/@xpack-dev-tools/arm-none-eabi-gcc/12.2.1-1.2.1/.content/bin/../lib/gcc/arm-none-eabi/12.2.1/thumb/v6-m/nofp\libgcc.a(_udivsi3.o)
 .ARM.attributes
                0x0000000000000139       0x1e c:/users/user/appdata/roaming/code/user/globalstorage/bmd.stm32-for-vscode/@xpack-dev-tools/arm-none-eabi-gcc/12.2.1-1.2.1/.content/bin/../lib/gcc/arm-none-eabi/12.2.1/thumb/v6-m/nofp\libgcc.a(_divsi3.o)
 .ARM.attributes
                0x0000000000000157       0x1e c:/users/user/appdata/roaming/code/user/globalstorage/bmd.stm32-for-vscode/@xpack-dev-tools/arm-none-eabi-gcc/12.2.1-1.2.1/.content/bin/../lib/gcc/arm-none-eabi/12.2.1/thumb/v6-m/nofp\libgcc.a(_dvmd_tls.o)
 .ARM.attributes
                0x0000000000000175       0x1e c:/users/user/appdata/roaming/code/user/globalstorage/bmd.stm32-for-vscode/@xpack-dev-tools/arm-none-eabi-gcc/12.2.1-1.2.1/.content/bin/../lib/gcc/arm-none-eabi/12.2.1/thumb/v6-m/nofp/crtn.o
OUTPUT(build/EEE2046Prac.elf elf32-littlearm)
LOAD linker stubs
LOAD c:/users/user/appdata/roaming/code/user/globalstorage/bmd.stm32-for-vscode/@xpack-dev-tools/arm-none-eabi-gcc/12.2.1-1.2.1/.content/bin/../lib/gcc/arm-none-eabi/12.2.1/../../../../arm-none-eabi/lib/thumb/v6-m/nofp\libc.a
LOAD c:/users/user/appdata/roaming/code/user/globalstorage/bmd.stm32-for-vscode/@xpack-dev-tools/arm-none-eabi-gcc/12.2.1-1.2.1/.content/bin/../lib/gcc/arm-none-eabi/12.2.1/../../../../arm-none-eabi/lib/thumb/v6-m/nofp\libm.a
LOAD c:/users/user/appdata/roaming/code/user/globalstorage/bmd.stm32-for-vscode/@xpack-dev-tools/arm-none-eabi-gcc/12.2.1-1.2.1/.content/bin/../lib/gcc/arm-none-eabi/12.2.1/thumb/v6-m/nofp\libgcc.a

.comment        0x0000000000000000       0x39
 .comment       0x0000000000000000       0x39 c:/users/user/appdata/roaming/code/user/globalstorage/bmd.stm32-for-vscode/@xpack-dev-tools/arm-none-eabi-gcc/12.2.1-1.2.1/.content/bin/../lib/gcc/arm-none-eabi/12.2.1/thumb/v6-m/nofp/crtbegin.o
                                         0x3a (size before relaxing)
 .comment       0x0000000000000039       0x3a build/main.o
 .comment       0x0000000000000039       0x3a build/stm32f0xx_it.o
 .comment       0x0000000000000039       0x3a build/system_stm32f0xx.o
 .comment       0x0000000000000039       0x3a c:/users/user/appdata/roaming/code/user/globalstorage/bmd.stm32-for-vscode/@xpack-dev-tools/arm-none-eabi-gcc/12.2.1-1.2.1/.content/bin/../lib/gcc/arm-none-eabi/12.2.1/../../../../arm-none-eabi/lib/thumb/v6-m/nofp\libc_nano.a(libc_a-init.o)

.debug_info     0x0000000000000000      0xf03
 .debug_info    0x0000000000000000      0xac8 build/main.o
 .debug_info    0x0000000000000ac8      0x101 build/stm32f0xx_it.o
 .debug_info    0x0000000000000bc9      0x25d build/system_stm32f0xx.o
 .debug_info    0x0000000000000e26       0x2e build/startup_stm32f051x8.o
 .debug_info    0x0000000000000e54       0x3b c:/users/user/appdata/roaming/code/user/globalstorage/bmd.stm32-for-vscode/@xpack-dev-tools/arm-none-eabi-gcc/12.2.1-1.2.1/.content/bin/../lib/gcc/arm-none-eabi/12.2.1/thumb/v6-m/nofp\libgcc.a(_udivsi3.o)
 .debug_info    0x0000000000000e8f       0x3b c:/users/user/appdata/roaming/code/user/globalstorage/bmd.stm32-for-vscode/@xpack-dev-tools/arm-none-eabi-gcc/12.2.1-1.2.1/.content/bin/../lib/gcc/arm-none-eabi/12.2.1/thumb/v6-m/nofp\libgcc.a(_divsi3.o)
 .debug_info    0x0000000000000eca       0x39 c:/users/user/appdata/roaming/code/user/globalstorage/bmd.stm32-for-vscode/@xpack-dev-tools/arm-none-eabi-gcc/12.2.1-1.2.1/.content/bin/../lib/gcc/arm-none-eabi/12.2.1/thumb/v6-m/nofp\libgcc.a(_dvmd_tls.o)

.debug_abbrev   0x0000000000000000      0x4bd
 .debug_abbrev  0x0000000000000000      0x28b build/main.o
 .debug_abbrev  0x000000000000028b       0x7e build/stm32f0xx_it.o
 .debug_abbrev  0x0000000000000309      0x136 build/system_stm32f0xx.o
 .debug_abbrev  0x000000000000043f       0x1d build/startup_stm32f051x8.o
 .debug_abbrev  0x000000000000045c       0x21 c:/users/user/appdata/roaming/code/user/globalstorage/bmd.stm32-for-vscode/@xpack-dev-tools/arm-none-eabi-gcc/12.2.1-1.2.1/.content/bin/../lib/gcc/arm-none-eabi/12.2.1/thumb/v6-m/nofp\libgcc.a(_udivsi3.o)
 .debug_abbrev  0x000000000000047d       0x21 c:/users/user/appdata/roaming/code/user/globalstorage/bmd.stm32-for-vscode/@xpack-dev-tools/arm-none-eabi-gcc/12.2.1-1.2.1/.content/bin/../lib/gcc/arm-none-eabi/12.2.1/thumb/v6-m/nofp\libgcc.a(_divsi3.o)
 .debug_abbrev  0x000000000000049e       0x1f c:/users/user/appdata/roaming/code/user/globalstorage/bmd.stm32-for-vscode/@xpack-dev-tools/arm-none-eabi-gcc/12.2.1-1.2.1/.content/bin/../lib/gcc/arm-none-eabi/12.2.1/thumb/v6-m/nofp\libgcc.a(_dvmd_tls.o)

.debug_loclists
                0x0000000000000000      0x202
 .debug_loclists
                0x0000000000000000      0x126 build/main.o
 .debug_loclists
                0x0000000000000126       0xdc build/system_stm32f0xx.o

.debug_aranges  0x0000000000000000      0x188
 .debug_aranges
                0x0000000000000000       0x98 build/main.o
 .debug_aranges
                0x0000000000000098       0x40 build/stm32f0xx_it.o
 .debug_aranges
                0x00000000000000d8       0x28 build/system_stm32f0xx.o
 .debug_aranges
                0x0000000000000100       0x28 build/startup_stm32f051x8.o
 .debug_aranges
                0x0000000000000128       0x20 c:/users/user/appdata/roaming/code/user/globalstorage/bmd.stm32-for-vscode/@xpack-dev-tools/arm-none-eabi-gcc/12.2.1-1.2.1/.content/bin/../lib/gcc/arm-none-eabi/12.2.1/thumb/v6-m/nofp\libgcc.a(_udivsi3.o)
 .debug_aranges
                0x0000000000000148       0x20 c:/users/user/appdata/roaming/code/user/globalstorage/bmd.stm32-for-vscode/@xpack-dev-tools/arm-none-eabi-gcc/12.2.1-1.2.1/.content/bin/../lib/gcc/arm-none-eabi/12.2.1/thumb/v6-m/nofp\libgcc.a(_divsi3.o)
 .debug_aranges
                0x0000000000000168       0x20 c:/users/user/appdata/roaming/code/user/globalstorage/bmd.stm32-for-vscode/@xpack-dev-tools/arm-none-eabi-gcc/12.2.1-1.2.1/.content/bin/../lib/gcc/arm-none-eabi/12.2.1/thumb/v6-m/nofp\libgcc.a(_dvmd_tls.o)

.debug_rnglists
                0x0000000000000000       0xd0
 .debug_rnglists
                0x0000000000000000       0x72 build/main.o
 .debug_rnglists
                0x0000000000000072       0x2b build/stm32f0xx_it.o
 .debug_rnglists
                0x000000000000009d       0x1a build/system_stm32f0xx.o
 .debug_rnglists
                0x00000000000000b7       0x19 build/startup_stm32f051x8.o

.debug_line     0x0000000000000000     0x1151
 .debug_line    0x0000000000000000      0xad7 build/main.o
 .debug_line    0x0000000000000ad7      0x253 build/stm32f0xx_it.o
 .debug_line    0x0000000000000d2a      0x2b3 build/system_stm32f0xx.o
 .debug_line    0x0000000000000fdd       0x77 build/startup_stm32f051x8.o
 .debug_line    0x0000000000001054       0x56 c:/users/user/appdata/roaming/code/user/globalstorage/bmd.stm32-for-vscode/@xpack-dev-tools/arm-none-eabi-gcc/12.2.1-1.2.1/.content/bin/../lib/gcc/arm-none-eabi/12.2.1/thumb/v6-m/nofp\libgcc.a(_udivsi3.o)
 .debug_line    0x00000000000010aa       0x5d c:/users/user/appdata/roaming/code/user/globalstorage/bmd.stm32-for-vscode/@xpack-dev-tools/arm-none-eabi-gcc/12.2.1-1.2.1/.content/bin/../lib/gcc/arm-none-eabi/12.2.1/thumb/v6-m/nofp\libgcc.a(_divsi3.o)
 .debug_line    0x0000000000001107       0x4a c:/users/user/appdata/roaming/code/user/globalstorage/bmd.stm32-for-vscode/@xpack-dev-tools/arm-none-eabi-gcc/12.2.1-1.2.1/.content/bin/../lib/gcc/arm-none-eabi/12.2.1/thumb/v6-m/nofp\libgcc.a(_dvmd_tls.o)

.debug_str      0x0000000000000000      0x8d6
 .debug_str     0x0000000000000000      0x646 build/main.o
                                        0x6ae (size before relaxing)
 .debug_str     0x0000000000000646       0x74 build/stm32f0xx_it.o
                                        0x209 (size before relaxing)
 .debug_str     0x00000000000006ba       0x88 build/system_stm32f0xx.o
                                        0x292 (size before relaxing)
 .debug_str     0x0000000000000742       0x32 build/startup_stm32f051x8.o
                                         0xa7 (size before relaxing)
 .debug_str     0x0000000000000774      0x12d c:/users/user/appdata/roaming/code/user/globalstorage/bmd.stm32-for-vscode/@xpack-dev-tools/arm-none-eabi-gcc/12.2.1-1.2.1/.content/bin/../lib/gcc/arm-none-eabi/12.2.1/thumb/v6-m/nofp\libgcc.a(_udivsi3.o)
                                        0x13b (size before relaxing)
 .debug_str     0x00000000000008a1       0x19 c:/users/user/appdata/roaming/code/user/globalstorage/bmd.stm32-for-vscode/@xpack-dev-tools/arm-none-eabi-gcc/12.2.1-1.2.1/.content/bin/../lib/gcc/arm-none-eabi/12.2.1/thumb/v6-m/nofp\libgcc.a(_divsi3.o)
                                        0x139 (size before relaxing)
 .debug_str     0x00000000000008ba       0x1c c:/users/user/appdata/roaming/code/user/globalstorage/bmd.stm32-for-vscode/@xpack-dev-tools/arm-none-eabi-gcc/12.2.1-1.2.1/.content/bin/../lib/gcc/arm-none-eabi/12.2.1/thumb/v6-m/nofp\libgcc.a(_dvmd_tls.o)
                                        0x13c (size before relaxing)

.debug_frame    0x0000000000000000      0x240
 .debug_frame   0x0000000000000000      0x168 build/main.o
 .debug_frame   0x0000000000000168       0x60 build/stm32f0xx_it.o
 .debug_frame   0x00000000000001c8       0x38 build/system_stm32f0xx.o
 .debug_frame   0x0000000000000200       0x20 c:/users/user/appdata/roaming/code/user/globalstorage/bmd.stm32-for-vscode/@xpack-dev-tools/arm-none-eabi-gcc/12.2.1-1.2.1/.content/bin/../lib/gcc/arm-none-eabi/12.2.1/thumb/v6-m/nofp\libgcc.a(_udivsi3.o)
 .debug_frame   0x0000000000000220       0x20 c:/users/user/appdata/roaming/code/user/globalstorage/bmd.stm32-for-vscode/@xpack-dev-tools/arm-none-eabi-gcc/12.2.1-1.2.1/.content/bin/../lib/gcc/arm-none-eabi/12.2.1/thumb/v6-m/nofp\libgcc.a(_divsi3.o)

.debug_line_str
                0x0000000000000000      0x19d
 .debug_line_str
                0x0000000000000000       0x8b build/startup_stm32f051x8.o
 .debug_line_str
                0x000000000000008b      0x112 c:/users/user/appdata/roaming/code/user/globalstorage/bmd.stm32-for-vscode/@xpack-dev-tools/arm-none-eabi-gcc/12.2.1-1.2.1/.content/bin/../lib/gcc/arm-none-eabi/12.2.1/thumb/v6-m/nofp\libgcc.a(_udivsi3.o)
 .debug_line_str
                0x000000000000019d      0x112 c:/users/user/appdata/roaming/code/user/globalstorage/bmd.stm32-for-vscode/@xpack-dev-tools/arm-none-eabi-gcc/12.2.1-1.2.1/.content/bin/../lib/gcc/arm-none-eabi/12.2.1/thumb/v6-m/nofp\libgcc.a(_divsi3.o)
 .debug_line_str
                0x000000000000019d      0x112 c:/users/user/appdata/roaming/code/user/globalstorage/bmd.stm32-for-vscode/@xpack-dev-tools/arm-none-eabi-gcc/12.2.1-1.2.1/.content/bin/../lib/gcc/arm-none-eabi/12.2.1/thumb/v6-m/nofp\libgcc.a(_dvmd_tls.o)

Cross Reference Table

Symbol                                            File
ADC1_COMP_IRQHandler                              build/startup_stm32f051x8.o
ADC_value_front                                   build/main.o
ADC_value_left                                    build/main.o
ADC_value_right                                   build/main.o
AHBPrescTable                                     build/system_stm32f0xx.o
                                                  build/stm32f0xx_ll_utils.o
                                                  build/stm32f0xx_ll_rcc.o
APBPrescTable                                     build/system_stm32f0xx.o
                                                  build/stm32f0xx_ll_rcc.o
CEC_CAN_IRQHandler                                build/startup_stm32f051x8.o
DMA1_Channel1_IRQHandler                          build/startup_stm32f051x8.o
DMA1_Channel2_3_IRQHandler                        build/startup_stm32f051x8.o
DMA1_Channel4_5_IRQHandler                        build/startup_stm32f051x8.o
Default_Handler                                   build/startup_stm32f051x8.o
EXTI0_1_IRQHandler                                build/startup_stm32f051x8.o
EXTI2_3_IRQHandler                                build/startup_stm32f051x8.o
EXTI4_15_IRQHandler                               build/startup_stm32f051x8.o
FLASH_IRQHandler                                  build/startup_stm32f051x8.o
HardFault_Handler                                 build/stm32f0xx_it.o
I2C1_IRQHandler                                   build/startup_stm32f051x8.o
I2C2_IRQHandler                                   build/startup_stm32f051x8.o
LL_EXTI_DeInit                                    build/stm32f0xx_ll_exti.o
LL_EXTI_Init                                      build/stm32f0xx_ll_exti.o
LL_EXTI_StructInit                                build/stm32f0xx_ll_exti.o
LL_GPIO_DeInit                                    build/stm32f0xx_ll_gpio.o
LL_GPIO_Init                                      build/stm32f0xx_ll_gpio.o
LL_GPIO_StructInit                                build/stm32f0xx_ll_gpio.o
LL_Init1msTick                                    build/stm32f0xx_ll_utils.o
LL_PLL_ConfigSystemClock_HSE                      build/stm32f0xx_ll_utils.o
LL_PLL_ConfigSystemClock_HSI                      build/stm32f0xx_ll_utils.o
LL_PWR_DeInit                                     build/stm32f0xx_ll_pwr.o
LL_RCC_DeInit                                     build/stm32f0xx_ll_rcc.o
LL_RCC_GetCECClockFreq                            build/stm32f0xx_ll_rcc.o
LL_RCC_GetI2CClockFreq                            build/stm32f0xx_ll_rcc.o
LL_RCC_GetSystemClocksFreq                        build/stm32f0xx_ll_rcc.o
LL_RCC_GetUSARTClockFreq                          build/stm32f0xx_ll_rcc.o
LL_SetFlashLatency                                build/stm32f0xx_ll_utils.o
LL_SetSystemCoreClock                             build/stm32f0xx_ll_utils.o
LL_mDelay                                         build/stm32f0xx_ll_utils.o
NMI_Handler                                       build/stm32f0xx_it.o
PVD_IRQHandler                                    build/startup_stm32f051x8.o
PendSV_Handler                                    build/stm32f0xx_it.o
RCC_CRS_IRQHandler                                build/startup_stm32f051x8.o
RCC_GetHCLKClockFreq                              build/stm32f0xx_ll_rcc.o
RCC_GetPCLK1ClockFreq                             build/stm32f0xx_ll_rcc.o
RCC_GetSystemClockFreq                            build/stm32f0xx_ll_rcc.o
RCC_PLL_GetFreqDomain_SYS                         build/stm32f0xx_ll_rcc.o
RTC_IRQHandler                                    build/startup_stm32f051x8.o
Reset_Handler                                     build/startup_stm32f051x8.o
SPI1_IRQHandler                                   build/startup_stm32f051x8.o
SPI2_IRQHandler                                   build/startup_stm32f051x8.o
SVC_Handler                                       build/stm32f0xx_it.o
SysTick_Handler                                   build/stm32f0xx_it.o
SystemCoreClock                                   build/system_stm32f0xx.o
                                                  build/stm32f0xx_ll_utils.o
SystemCoreClockUpdate                             build/system_stm32f0xx.o
SystemInit                                        build/system_stm32f0xx.o
                                                  build/startup_stm32f051x8.o
TIM14_IRQHandler                                  build/main.o
TIM15_IRQHandler                                  build/startup_stm32f051x8.o
TIM16_IRQHandler                                  build/startup_stm32f051x8.o
TIM17_IRQHandler                                  build/startup_stm32f051x8.o
TIM1_BRK_UP_TRG_COM_IRQHandler                    build/startup_stm32f051x8.o
TIM1_CC_IRQHandler                                build/startup_stm32f051x8.o
TIM2_IRQHandler                                   build/startup_stm32f051x8.o
TIM3_IRQHandler                                   build/startup_stm32f051x8.o
TIM6_DAC_IRQHandler                               build/startup_stm32f051x8.o
TSC_IRQHandler                                    build/startup_stm32f051x8.o
USART1_IRQHandler                                 build/startup_stm32f051x8.o
USART2_IRQHandler                                 build/startup_stm32f051x8.o
WWDG_IRQHandler                                   build/startup_stm32f051x8.o
__aeabi_idiv                                      c:/users/user/appdata/roaming/code/user/globalstorage/bmd.stm32-for-vscode/@xpack-dev-tools/arm-none-eabi-gcc/12.2.1-1.2.1/.content/bin/../lib/gcc/arm-none-eabi/12.2.1/thumb/v6-m/nofp\libgcc.a(_divsi3.o)
                                                  build/main.o
__aeabi_idiv0                                     c:/users/user/appdata/roaming/code/user/globalstorage/bmd.stm32-for-vscode/@xpack-dev-tools/arm-none-eabi-gcc/12.2.1-1.2.1/.content/bin/../lib/gcc/arm-none-eabi/12.2.1/thumb/v6-m/nofp\libgcc.a(_dvmd_tls.o)
                                                  c:/users/user/appdata/roaming/code/user/globalstorage/bmd.stm32-for-vscode/@xpack-dev-tools/arm-none-eabi-gcc/12.2.1-1.2.1/.content/bin/../lib/gcc/arm-none-eabi/12.2.1/thumb/v6-m/nofp\libgcc.a(_divsi3.o)
                                                  c:/users/user/appdata/roaming/code/user/globalstorage/bmd.stm32-for-vscode/@xpack-dev-tools/arm-none-eabi-gcc/12.2.1-1.2.1/.content/bin/../lib/gcc/arm-none-eabi/12.2.1/thumb/v6-m/nofp\libgcc.a(_udivsi3.o)
__aeabi_idivmod                                   c:/users/user/appdata/roaming/code/user/globalstorage/bmd.stm32-for-vscode/@xpack-dev-tools/arm-none-eabi-gcc/12.2.1-1.2.1/.content/bin/../lib/gcc/arm-none-eabi/12.2.1/thumb/v6-m/nofp\libgcc.a(_divsi3.o)
__aeabi_ldiv0                                     c:/users/user/appdata/roaming/code/user/globalstorage/bmd.stm32-for-vscode/@xpack-dev-tools/arm-none-eabi-gcc/12.2.1-1.2.1/.content/bin/../lib/gcc/arm-none-eabi/12.2.1/thumb/v6-m/nofp\libgcc.a(_dvmd_tls.o)
__aeabi_uidiv                                     c:/users/user/appdata/roaming/code/user/globalstorage/bmd.stm32-for-vscode/@xpack-dev-tools/arm-none-eabi-gcc/12.2.1-1.2.1/.content/bin/../lib/gcc/arm-none-eabi/12.2.1/thumb/v6-m/nofp\libgcc.a(_udivsi3.o)
                                                  build/stm32f0xx_ll_utils.o
                                                  build/stm32f0xx_ll_rcc.o
                                                  build/system_stm32f0xx.o
                                                  build/main.o
__aeabi_uidivmod                                  c:/users/user/appdata/roaming/code/user/globalstorage/bmd.stm32-for-vscode/@xpack-dev-tools/arm-none-eabi-gcc/12.2.1-1.2.1/.content/bin/../lib/gcc/arm-none-eabi/12.2.1/thumb/v6-m/nofp\libgcc.a(_udivsi3.o)
__atexit                                          c:/users/user/appdata/roaming/code/user/globalstorage/bmd.stm32-for-vscode/@xpack-dev-tools/arm-none-eabi-gcc/12.2.1-1.2.1/.content/bin/../lib/gcc/arm-none-eabi/12.2.1/../../../../arm-none-eabi/lib/thumb/v6-m/nofp\libc_nano.a(libc_a-__call_atexit.o)
                                                  c:/users/user/appdata/roaming/code/user/globalstorage/bmd.stm32-for-vscode/@xpack-dev-tools/arm-none-eabi-gcc/12.2.1-1.2.1/.content/bin/../lib/gcc/arm-none-eabi/12.2.1/../../../../arm-none-eabi/lib/thumb/v6-m/nofp\libc_nano.a(libc_a-__atexit.o)
__atexit0                                         c:/users/user/appdata/roaming/code/user/globalstorage/bmd.stm32-for-vscode/@xpack-dev-tools/arm-none-eabi-gcc/12.2.1-1.2.1/.content/bin/../lib/gcc/arm-none-eabi/12.2.1/../../../../arm-none-eabi/lib/thumb/v6-m/nofp\libc_nano.a(libc_a-__atexit.o)
__atexit_dummy                                    c:/users/user/appdata/roaming/code/user/globalstorage/bmd.stm32-for-vscode/@xpack-dev-tools/arm-none-eabi-gcc/12.2.1-1.2.1/.content/bin/../lib/gcc/arm-none-eabi/12.2.1/../../../../arm-none-eabi/lib/thumb/v6-m/nofp\libc_nano.a(libc_a-__atexit.o)
__atexit_recursive_mutex                          c:/users/user/appdata/roaming/code/user/globalstorage/bmd.stm32-for-vscode/@xpack-dev-tools/arm-none-eabi-gcc/12.2.1-1.2.1/.content/bin/../lib/gcc/arm-none-eabi/12.2.1/../../../../arm-none-eabi/lib/thumb/v6-m/nofp\libc_nano.a(libc_a-__call_atexit.o)
                                                  c:/users/user/appdata/roaming/code/user/globalstorage/bmd.stm32-for-vscode/@xpack-dev-tools/arm-none-eabi-gcc/12.2.1-1.2.1/.content/bin/../lib/gcc/arm-none-eabi/12.2.1/../../../../arm-none-eabi/lib/thumb/v6-m/nofp\libc_nano.a(libc_a-__atexit.o)
__bss_end__                                       c:/users/user/appdata/roaming/code/user/globalstorage/bmd.stm32-for-vscode/@xpack-dev-tools/arm-none-eabi-gcc/12.2.1-1.2.1/.content/bin/../lib/gcc/arm-none-eabi/12.2.1/../../../../arm-none-eabi/lib/thumb/v6-m/nofp/crt0.o
__bss_start__                                     c:/users/user/appdata/roaming/code/user/globalstorage/bmd.stm32-for-vscode/@xpack-dev-tools/arm-none-eabi-gcc/12.2.1-1.2.1/.content/bin/../lib/gcc/arm-none-eabi/12.2.1/../../../../arm-none-eabi/lib/thumb/v6-m/nofp/crt0.o
__call_exitprocs                                  c:/users/user/appdata/roaming/code/user/globalstorage/bmd.stm32-for-vscode/@xpack-dev-tools/arm-none-eabi-gcc/12.2.1-1.2.1/.content/bin/../lib/gcc/arm-none-eabi/12.2.1/../../../../arm-none-eabi/lib/thumb/v6-m/nofp\libc_nano.a(libc_a-__call_atexit.o)
                                                  c:/users/user/appdata/roaming/code/user/globalstorage/bmd.stm32-for-vscode/@xpack-dev-tools/arm-none-eabi-gcc/12.2.1-1.2.1/.content/bin/../lib/gcc/arm-none-eabi/12.2.1/../../../../arm-none-eabi/lib/thumb/v6-m/nofp\libc_nano.a(libc_a-__atexit.o)
                                                  c:/users/user/appdata/roaming/code/user/globalstorage/bmd.stm32-for-vscode/@xpack-dev-tools/arm-none-eabi-gcc/12.2.1-1.2.1/.content/bin/../lib/gcc/arm-none-eabi/12.2.1/../../../../arm-none-eabi/lib/thumb/v6-m/nofp\libc_nano.a(libc_a-exit.o)
__deregister_frame_info                           c:/users/user/appdata/roaming/code/user/globalstorage/bmd.stm32-for-vscode/@xpack-dev-tools/arm-none-eabi-gcc/12.2.1-1.2.1/.content/bin/../lib/gcc/arm-none-eabi/12.2.1/thumb/v6-m/nofp/crtbegin.o
__divsi3                                          c:/users/user/appdata/roaming/code/user/globalstorage/bmd.stm32-for-vscode/@xpack-dev-tools/arm-none-eabi-gcc/12.2.1-1.2.1/.content/bin/../lib/gcc/arm-none-eabi/12.2.1/thumb/v6-m/nofp\libgcc.a(_divsi3.o)
__dso_handle                                      c:/users/user/appdata/roaming/code/user/globalstorage/bmd.stm32-for-vscode/@xpack-dev-tools/arm-none-eabi-gcc/12.2.1-1.2.1/.content/bin/../lib/gcc/arm-none-eabi/12.2.1/thumb/v6-m/nofp/crtbegin.o
__fini_array_end                                  c:/users/user/appdata/roaming/code/user/globalstorage/bmd.stm32-for-vscode/@xpack-dev-tools/arm-none-eabi-gcc/12.2.1-1.2.1/.content/bin/../lib/gcc/arm-none-eabi/12.2.1/../../../../arm-none-eabi/lib/thumb/v6-m/nofp\libc_nano.a(libc_a-fini.o)
__fini_array_start                                c:/users/user/appdata/roaming/code/user/globalstorage/bmd.stm32-for-vscode/@xpack-dev-tools/arm-none-eabi-gcc/12.2.1-1.2.1/.content/bin/../lib/gcc/arm-none-eabi/12.2.1/../../../../arm-none-eabi/lib/thumb/v6-m/nofp\libc_nano.a(libc_a-fini.o)
__fp_lock_all                                     c:/users/user/appdata/roaming/code/user/globalstorage/bmd.stm32-for-vscode/@xpack-dev-tools/arm-none-eabi-gcc/12.2.1-1.2.1/.content/bin/../lib/gcc/arm-none-eabi/12.2.1/../../../../arm-none-eabi/lib/thumb/v6-m/nofp\libc_nano.a(libc_a-findfp.o)
__fp_unlock_all                                   c:/users/user/appdata/roaming/code/user/globalstorage/bmd.stm32-for-vscode/@xpack-dev-tools/arm-none-eabi-gcc/12.2.1-1.2.1/.content/bin/../lib/gcc/arm-none-eabi/12.2.1/../../../../arm-none-eabi/lib/thumb/v6-m/nofp\libc_nano.a(libc_a-findfp.o)
__init_array_end                                  c:/users/user/appdata/roaming/code/user/globalstorage/bmd.stm32-for-vscode/@xpack-dev-tools/arm-none-eabi-gcc/12.2.1-1.2.1/.content/bin/../lib/gcc/arm-none-eabi/12.2.1/../../../../arm-none-eabi/lib/thumb/v6-m/nofp\libc_nano.a(libc_a-init.o)
__init_array_start                                c:/users/user/appdata/roaming/code/user/globalstorage/bmd.stm32-for-vscode/@xpack-dev-tools/arm-none-eabi-gcc/12.2.1-1.2.1/.content/bin/../lib/gcc/arm-none-eabi/12.2.1/../../../../arm-none-eabi/lib/thumb/v6-m/nofp\libc_nano.a(libc_a-init.o)
__libc_fini_array                                 c:/users/user/appdata/roaming/code/user/globalstorage/bmd.stm32-for-vscode/@xpack-dev-tools/arm-none-eabi-gcc/12.2.1-1.2.1/.content/bin/../lib/gcc/arm-none-eabi/12.2.1/../../../../arm-none-eabi/lib/thumb/v6-m/nofp\libc_nano.a(libc_a-fini.o)
                                                  c:/users/user/appdata/roaming/code/user/globalstorage/bmd.stm32-for-vscode/@xpack-dev-tools/arm-none-eabi-gcc/12.2.1-1.2.1/.content/bin/../lib/gcc/arm-none-eabi/12.2.1/../../../../arm-none-eabi/lib/thumb/v6-m/nofp/crt0.o
__libc_init_array                                 c:/users/user/appdata/roaming/code/user/globalstorage/bmd.stm32-for-vscode/@xpack-dev-tools/arm-none-eabi-gcc/12.2.1-1.2.1/.content/bin/../lib/gcc/arm-none-eabi/12.2.1/../../../../arm-none-eabi/lib/thumb/v6-m/nofp\libc_nano.a(libc_a-init.o)
                                                  build/startup_stm32f051x8.o
                                                  c:/users/user/appdata/roaming/code/user/globalstorage/bmd.stm32-for-vscode/@xpack-dev-tools/arm-none-eabi-gcc/12.2.1-1.2.1/.content/bin/../lib/gcc/arm-none-eabi/12.2.1/../../../../arm-none-eabi/lib/thumb/v6-m/nofp/crt0.o
__lock___arc4random_mutex                         c:/users/user/appdata/roaming/code/user/globalstorage/bmd.stm32-for-vscode/@xpack-dev-tools/arm-none-eabi-gcc/12.2.1-1.2.1/.content/bin/../lib/gcc/arm-none-eabi/12.2.1/../../../../arm-none-eabi/lib/thumb/v6-m/nofp\libc_nano.a(libc_a-lock.o)
__lock___at_quick_exit_mutex                      c:/users/user/appdata/roaming/code/user/globalstorage/bmd.stm32-for-vscode/@xpack-dev-tools/arm-none-eabi-gcc/12.2.1-1.2.1/.content/bin/../lib/gcc/arm-none-eabi/12.2.1/../../../../arm-none-eabi/lib/thumb/v6-m/nofp\libc_nano.a(libc_a-lock.o)
__lock___atexit_recursive_mutex                   c:/users/user/appdata/roaming/code/user/globalstorage/bmd.stm32-for-vscode/@xpack-dev-tools/arm-none-eabi-gcc/12.2.1-1.2.1/.content/bin/../lib/gcc/arm-none-eabi/12.2.1/../../../../arm-none-eabi/lib/thumb/v6-m/nofp\libc_nano.a(libc_a-lock.o)
                                                  c:/users/user/appdata/roaming/code/user/globalstorage/bmd.stm32-for-vscode/@xpack-dev-tools/arm-none-eabi-gcc/12.2.1-1.2.1/.content/bin/../lib/gcc/arm-none-eabi/12.2.1/../../../../arm-none-eabi/lib/thumb/v6-m/nofp\libc_nano.a(libc_a-__call_atexit.o)
__lock___dd_hash_mutex                            c:/users/user/appdata/roaming/code/user/globalstorage/bmd.stm32-for-vscode/@xpack-dev-tools/arm-none-eabi-gcc/12.2.1-1.2.1/.content/bin/../lib/gcc/arm-none-eabi/12.2.1/../../../../arm-none-eabi/lib/thumb/v6-m/nofp\libc_nano.a(libc_a-lock.o)
__lock___env_recursive_mutex                      c:/users/user/appdata/roaming/code/user/globalstorage/bmd.stm32-for-vscode/@xpack-dev-tools/arm-none-eabi-gcc/12.2.1-1.2.1/.content/bin/../lib/gcc/arm-none-eabi/12.2.1/../../../../arm-none-eabi/lib/thumb/v6-m/nofp\libc_nano.a(libc_a-lock.o)
__lock___malloc_recursive_mutex                   c:/users/user/appdata/roaming/code/user/globalstorage/bmd.stm32-for-vscode/@xpack-dev-tools/arm-none-eabi-gcc/12.2.1-1.2.1/.content/bin/../lib/gcc/arm-none-eabi/12.2.1/../../../../arm-none-eabi/lib/thumb/v6-m/nofp\libc_nano.a(libc_a-lock.o)
                                                  c:/users/user/appdata/roaming/code/user/globalstorage/bmd.stm32-for-vscode/@xpack-dev-tools/arm-none-eabi-gcc/12.2.1-1.2.1/.content/bin/../lib/gcc/arm-none-eabi/12.2.1/../../../../arm-none-eabi/lib/thumb/v6-m/nofp\libc_nano.a(libc_a-mlock.o)
__lock___sfp_recursive_mutex                      c:/users/user/appdata/roaming/code/user/globalstorage/bmd.stm32-for-vscode/@xpack-dev-tools/arm-none-eabi-gcc/12.2.1-1.2.1/.content/bin/../lib/gcc/arm-none-eabi/12.2.1/../../../../arm-none-eabi/lib/thumb/v6-m/nofp\libc_nano.a(libc_a-lock.o)
                                                  c:/users/user/appdata/roaming/code/user/globalstorage/bmd.stm32-for-vscode/@xpack-dev-tools/arm-none-eabi-gcc/12.2.1-1.2.1/.content/bin/../lib/gcc/arm-none-eabi/12.2.1/../../../../arm-none-eabi/lib/thumb/v6-m/nofp\libc_nano.a(libc_a-findfp.o)
__lock___tz_mutex                                 c:/users/user/appdata/roaming/code/user/globalstorage/bmd.stm32-for-vscode/@xpack-dev-tools/arm-none-eabi-gcc/12.2.1-1.2.1/.content/bin/../lib/gcc/arm-none-eabi/12.2.1/../../../../arm-none-eabi/lib/thumb/v6-m/nofp\libc_nano.a(libc_a-lock.o)
__malloc_free_list                                c:/users/user/appdata/roaming/code/user/globalstorage/bmd.stm32-for-vscode/@xpack-dev-tools/arm-none-eabi-gcc/12.2.1-1.2.1/.content/bin/../lib/gcc/arm-none-eabi/12.2.1/../../../../arm-none-eabi/lib/thumb/v6-m/nofp\libc_nano.a(libc_a-mallocr.o)
                                                  c:/users/user/appdata/roaming/code/user/globalstorage/bmd.stm32-for-vscode/@xpack-dev-tools/arm-none-eabi-gcc/12.2.1-1.2.1/.content/bin/../lib/gcc/arm-none-eabi/12.2.1/../../../../arm-none-eabi/lib/thumb/v6-m/nofp\libc_nano.a(libc_a-freer.o)
__malloc_lock                                     c:/users/user/appdata/roaming/code/user/globalstorage/bmd.stm32-for-vscode/@xpack-dev-tools/arm-none-eabi-gcc/12.2.1-1.2.1/.content/bin/../lib/gcc/arm-none-eabi/12.2.1/../../../../arm-none-eabi/lib/thumb/v6-m/nofp\libc_nano.a(libc_a-mlock.o)
                                                  c:/users/user/appdata/roaming/code/user/globalstorage/bmd.stm32-for-vscode/@xpack-dev-tools/arm-none-eabi-gcc/12.2.1-1.2.1/.content/bin/../lib/gcc/arm-none-eabi/12.2.1/../../../../arm-none-eabi/lib/thumb/v6-m/nofp\libc_nano.a(libc_a-mallocr.o)
                                                  c:/users/user/appdata/roaming/code/user/globalstorage/bmd.stm32-for-vscode/@xpack-dev-tools/arm-none-eabi-gcc/12.2.1-1.2.1/.content/bin/../lib/gcc/arm-none-eabi/12.2.1/../../../../arm-none-eabi/lib/thumb/v6-m/nofp\libc_nano.a(libc_a-freer.o)
__malloc_sbrk_start                               c:/users/user/appdata/roaming/code/user/globalstorage/bmd.stm32-for-vscode/@xpack-dev-tools/arm-none-eabi-gcc/12.2.1-1.2.1/.content/bin/../lib/gcc/arm-none-eabi/12.2.1/../../../../arm-none-eabi/lib/thumb/v6-m/nofp\libc_nano.a(libc_a-mallocr.o)
__malloc_unlock                                   c:/users/user/appdata/roaming/code/user/globalstorage/bmd.stm32-for-vscode/@xpack-dev-tools/arm-none-eabi-gcc/12.2.1-1.2.1/.content/bin/../lib/gcc/arm-none-eabi/12.2.1/../../../../arm-none-eabi/lib/thumb/v6-m/nofp\libc_nano.a(libc_a-mlock.o)
                                                  c:/users/user/appdata/roaming/code/user/globalstorage/bmd.stm32-for-vscode/@xpack-dev-tools/arm-none-eabi-gcc/12.2.1-1.2.1/.content/bin/../lib/gcc/arm-none-eabi/12.2.1/../../../../arm-none-eabi/lib/thumb/v6-m/nofp\libc_nano.a(libc_a-mallocr.o)
                                                  c:/users/user/appdata/roaming/code/user/globalstorage/bmd.stm32-for-vscode/@xpack-dev-tools/arm-none-eabi-gcc/12.2.1-1.2.1/.content/bin/../lib/gcc/arm-none-eabi/12.2.1/../../../../arm-none-eabi/lib/thumb/v6-m/nofp\libc_nano.a(libc_a-freer.o)
__on_exit_args                                    c:/users/user/appdata/roaming/code/user/globalstorage/bmd.stm32-for-vscode/@xpack-dev-tools/arm-none-eabi-gcc/12.2.1-1.2.1/.content/bin/../lib/gcc/arm-none-eabi/12.2.1/../../../../arm-none-eabi/lib/thumb/v6-m/nofp\libc_nano.a(libc_a-__atexit.o)
__preinit_array_end                               c:/users/user/appdata/roaming/code/user/globalstorage/bmd.stm32-for-vscode/@xpack-dev-tools/arm-none-eabi-gcc/12.2.1-1.2.1/.content/bin/../lib/gcc/arm-none-eabi/12.2.1/../../../../arm-none-eabi/lib/thumb/v6-m/nofp\libc_nano.a(libc_a-init.o)
__preinit_array_start                             c:/users/user/appdata/roaming/code/user/globalstorage/bmd.stm32-for-vscode/@xpack-dev-tools/arm-none-eabi-gcc/12.2.1-1.2.1/.content/bin/../lib/gcc/arm-none-eabi/12.2.1/../../../../arm-none-eabi/lib/thumb/v6-m/nofp\libc_nano.a(libc_a-init.o)
__register_exitproc                               c:/users/user/appdata/roaming/code/user/globalstorage/bmd.stm32-for-vscode/@xpack-dev-tools/arm-none-eabi-gcc/12.2.1-1.2.1/.content/bin/../lib/gcc/arm-none-eabi/12.2.1/../../../../arm-none-eabi/lib/thumb/v6-m/nofp\libc_nano.a(libc_a-__atexit.o)
                                                  c:/users/user/appdata/roaming/code/user/globalstorage/bmd.stm32-for-vscode/@xpack-dev-tools/arm-none-eabi-gcc/12.2.1-1.2.1/.content/bin/../lib/gcc/arm-none-eabi/12.2.1/../../../../arm-none-eabi/lib/thumb/v6-m/nofp\libc_nano.a(libc_a-atexit.o)
__register_frame_info                             c:/users/user/appdata/roaming/code/user/globalstorage/bmd.stm32-for-vscode/@xpack-dev-tools/arm-none-eabi-gcc/12.2.1-1.2.1/.content/bin/../lib/gcc/arm-none-eabi/12.2.1/thumb/v6-m/nofp/crtbegin.o
__retarget_lock_acquire                           c:/users/user/appdata/roaming/code/user/globalstorage/bmd.stm32-for-vscode/@xpack-dev-tools/arm-none-eabi-gcc/12.2.1-1.2.1/.content/bin/../lib/gcc/arm-none-eabi/12.2.1/../../../../arm-none-eabi/lib/thumb/v6-m/nofp\libc_nano.a(libc_a-lock.o)
__retarget_lock_acquire_recursive                 c:/users/user/appdata/roaming/code/user/globalstorage/bmd.stm32-for-vscode/@xpack-dev-tools/arm-none-eabi-gcc/12.2.1-1.2.1/.content/bin/../lib/gcc/arm-none-eabi/12.2.1/../../../../arm-none-eabi/lib/thumb/v6-m/nofp\libc_nano.a(libc_a-lock.o)
                                                  c:/users/user/appdata/roaming/code/user/globalstorage/bmd.stm32-for-vscode/@xpack-dev-tools/arm-none-eabi-gcc/12.2.1-1.2.1/.content/bin/../lib/gcc/arm-none-eabi/12.2.1/../../../../arm-none-eabi/lib/thumb/v6-m/nofp\libc_nano.a(libc_a-fflush.o)
                                                  c:/users/user/appdata/roaming/code/user/globalstorage/bmd.stm32-for-vscode/@xpack-dev-tools/arm-none-eabi-gcc/12.2.1-1.2.1/.content/bin/../lib/gcc/arm-none-eabi/12.2.1/../../../../arm-none-eabi/lib/thumb/v6-m/nofp\libc_nano.a(libc_a-mlock.o)
                                                  c:/users/user/appdata/roaming/code/user/globalstorage/bmd.stm32-for-vscode/@xpack-dev-tools/arm-none-eabi-gcc/12.2.1-1.2.1/.content/bin/../lib/gcc/arm-none-eabi/12.2.1/../../../../arm-none-eabi/lib/thumb/v6-m/nofp\libc_nano.a(libc_a-__call_atexit.o)
                                                  c:/users/user/appdata/roaming/code/user/globalstorage/bmd.stm32-for-vscode/@xpack-dev-tools/arm-none-eabi-gcc/12.2.1-1.2.1/.content/bin/../lib/gcc/arm-none-eabi/12.2.1/../../../../arm-none-eabi/lib/thumb/v6-m/nofp\libc_nano.a(libc_a-__atexit.o)
                                                  c:/users/user/appdata/roaming/code/user/globalstorage/bmd.stm32-for-vscode/@xpack-dev-tools/arm-none-eabi-gcc/12.2.1-1.2.1/.content/bin/../lib/gcc/arm-none-eabi/12.2.1/../../../../arm-none-eabi/lib/thumb/v6-m/nofp\libc_nano.a(libc_a-findfp.o)
__retarget_lock_close                             c:/users/user/appdata/roaming/code/user/globalstorage/bmd.stm32-for-vscode/@xpack-dev-tools/arm-none-eabi-gcc/12.2.1-1.2.1/.content/bin/../lib/gcc/arm-none-eabi/12.2.1/../../../../arm-none-eabi/lib/thumb/v6-m/nofp\libc_nano.a(libc_a-lock.o)
__retarget_lock_close_recursive                   c:/users/user/appdata/roaming/code/user/globalstorage/bmd.stm32-for-vscode/@xpack-dev-tools/arm-none-eabi-gcc/12.2.1-1.2.1/.content/bin/../lib/gcc/arm-none-eabi/12.2.1/../../../../arm-none-eabi/lib/thumb/v6-m/nofp\libc_nano.a(libc_a-lock.o)
__retarget_lock_init                              c:/users/user/appdata/roaming/code/user/globalstorage/bmd.stm32-for-vscode/@xpack-dev-tools/arm-none-eabi-gcc/12.2.1-1.2.1/.content/bin/../lib/gcc/arm-none-eabi/12.2.1/../../../../arm-none-eabi/lib/thumb/v6-m/nofp\libc_nano.a(libc_a-lock.o)
__retarget_lock_init_recursive                    c:/users/user/appdata/roaming/code/user/globalstorage/bmd.stm32-for-vscode/@xpack-dev-tools/arm-none-eabi-gcc/12.2.1-1.2.1/.content/bin/../lib/gcc/arm-none-eabi/12.2.1/../../../../arm-none-eabi/lib/thumb/v6-m/nofp\libc_nano.a(libc_a-lock.o)
                                                  c:/users/user/appdata/roaming/code/user/globalstorage/bmd.stm32-for-vscode/@xpack-dev-tools/arm-none-eabi-gcc/12.2.1-1.2.1/.content/bin/../lib/gcc/arm-none-eabi/12.2.1/../../../../arm-none-eabi/lib/thumb/v6-m/nofp\libc_nano.a(libc_a-findfp.o)
__retarget_lock_release                           c:/users/user/appdata/roaming/code/user/globalstorage/bmd.stm32-for-vscode/@xpack-dev-tools/arm-none-eabi-gcc/12.2.1-1.2.1/.content/bin/../lib/gcc/arm-none-eabi/12.2.1/../../../../arm-none-eabi/lib/thumb/v6-m/nofp\libc_nano.a(libc_a-lock.o)
__retarget_lock_release_recursive                 c:/users/user/appdata/roaming/code/user/globalstorage/bmd.stm32-for-vscode/@xpack-dev-tools/arm-none-eabi-gcc/12.2.1-1.2.1/.content/bin/../lib/gcc/arm-none-eabi/12.2.1/../../../../arm-none-eabi/lib/thumb/v6-m/nofp\libc_nano.a(libc_a-lock.o)
                                                  c:/users/user/appdata/roaming/code/user/globalstorage/bmd.stm32-for-vscode/@xpack-dev-tools/arm-none-eabi-gcc/12.2.1-1.2.1/.content/bin/../lib/gcc/arm-none-eabi/12.2.1/../../../../arm-none-eabi/lib/thumb/v6-m/nofp\libc_nano.a(libc_a-fflush.o)
                                                  c:/users/user/appdata/roaming/code/user/globalstorage/bmd.stm32-for-vscode/@xpack-dev-tools/arm-none-eabi-gcc/12.2.1-1.2.1/.content/bin/../lib/gcc/arm-none-eabi/12.2.1/../../../../arm-none-eabi/lib/thumb/v6-m/nofp\libc_nano.a(libc_a-mlock.o)
                                                  c:/users/user/appdata/roaming/code/user/globalstorage/bmd.stm32-for-vscode/@xpack-dev-tools/arm-none-eabi-gcc/12.2.1-1.2.1/.content/bin/../lib/gcc/arm-none-eabi/12.2.1/../../../../arm-none-eabi/lib/thumb/v6-m/nofp\libc_nano.a(libc_a-__call_atexit.o)
                                                  c:/users/user/appdata/roaming/code/user/globalstorage/bmd.stm32-for-vscode/@xpack-dev-tools/arm-none-eabi-gcc/12.2.1-1.2.1/.content/bin/../lib/gcc/arm-none-eabi/12.2.1/../../../../arm-none-eabi/lib/thumb/v6-m/nofp\libc_nano.a(libc_a-__atexit.o)
                                                  c:/users/user/appdata/roaming/code/user/globalstorage/bmd.stm32-for-vscode/@xpack-dev-tools/arm-none-eabi-gcc/12.2.1-1.2.1/.content/bin/../lib/gcc/arm-none-eabi/12.2.1/../../../../arm-none-eabi/lib/thumb/v6-m/nofp\libc_nano.a(libc_a-findfp.o)
__retarget_lock_try_acquire                       c:/users/user/appdata/roaming/code/user/globalstorage/bmd.stm32-for-vscode/@xpack-dev-tools/arm-none-eabi-gcc/12.2.1-1.2.1/.content/bin/../lib/gcc/arm-none-eabi/12.2.1/../../../../arm-none-eabi/lib/thumb/v6-m/nofp\libc_nano.a(libc_a-lock.o)
__retarget_lock_try_acquire_recursive             c:/users/user/appdata/roaming/code/user/globalstorage/bmd.stm32-for-vscode/@xpack-dev-tools/arm-none-eabi-gcc/12.2.1-1.2.1/.content/bin/../lib/gcc/arm-none-eabi/12.2.1/../../../../arm-none-eabi/lib/thumb/v6-m/nofp\libc_nano.a(libc_a-lock.o)
__sclose                                          c:/users/user/appdata/roaming/code/user/globalstorage/bmd.stm32-for-vscode/@xpack-dev-tools/arm-none-eabi-gcc/12.2.1-1.2.1/.content/bin/../lib/gcc/arm-none-eabi/12.2.1/../../../../arm-none-eabi/lib/thumb/v6-m/nofp\libc_nano.a(libc_a-stdio.o)
                                                  c:/users/user/appdata/roaming/code/user/globalstorage/bmd.stm32-for-vscode/@xpack-dev-tools/arm-none-eabi-gcc/12.2.1-1.2.1/.content/bin/../lib/gcc/arm-none-eabi/12.2.1/../../../../arm-none-eabi/lib/thumb/v6-m/nofp\libc_nano.a(libc_a-findfp.o)
__seofread                                        c:/users/user/appdata/roaming/code/user/globalstorage/bmd.stm32-for-vscode/@xpack-dev-tools/arm-none-eabi-gcc/12.2.1-1.2.1/.content/bin/../lib/gcc/arm-none-eabi/12.2.1/../../../../arm-none-eabi/lib/thumb/v6-m/nofp\libc_nano.a(libc_a-stdio.o)
__sf                                              c:/users/user/appdata/roaming/code/user/globalstorage/bmd.stm32-for-vscode/@xpack-dev-tools/arm-none-eabi-gcc/12.2.1-1.2.1/.content/bin/../lib/gcc/arm-none-eabi/12.2.1/../../../../arm-none-eabi/lib/thumb/v6-m/nofp\libc_nano.a(libc_a-findfp.o)
                                                  c:/users/user/appdata/roaming/code/user/globalstorage/bmd.stm32-for-vscode/@xpack-dev-tools/arm-none-eabi-gcc/12.2.1-1.2.1/.content/bin/../lib/gcc/arm-none-eabi/12.2.1/../../../../arm-none-eabi/lib/thumb/v6-m/nofp\libc_nano.a(libc_a-impure.o)
__sflush_r                                        c:/users/user/appdata/roaming/code/user/globalstorage/bmd.stm32-for-vscode/@xpack-dev-tools/arm-none-eabi-gcc/12.2.1-1.2.1/.content/bin/../lib/gcc/arm-none-eabi/12.2.1/../../../../arm-none-eabi/lib/thumb/v6-m/nofp\libc_nano.a(libc_a-fflush.o)
__sfp                                             c:/users/user/appdata/roaming/code/user/globalstorage/bmd.stm32-for-vscode/@xpack-dev-tools/arm-none-eabi-gcc/12.2.1-1.2.1/.content/bin/../lib/gcc/arm-none-eabi/12.2.1/../../../../arm-none-eabi/lib/thumb/v6-m/nofp\libc_nano.a(libc_a-findfp.o)
__sfp_lock_acquire                                c:/users/user/appdata/roaming/code/user/globalstorage/bmd.stm32-for-vscode/@xpack-dev-tools/arm-none-eabi-gcc/12.2.1-1.2.1/.content/bin/../lib/gcc/arm-none-eabi/12.2.1/../../../../arm-none-eabi/lib/thumb/v6-m/nofp\libc_nano.a(libc_a-findfp.o)
__sfp_lock_release                                c:/users/user/appdata/roaming/code/user/globalstorage/bmd.stm32-for-vscode/@xpack-dev-tools/arm-none-eabi-gcc/12.2.1-1.2.1/.content/bin/../lib/gcc/arm-none-eabi/12.2.1/../../../../arm-none-eabi/lib/thumb/v6-m/nofp\libc_nano.a(libc_a-findfp.o)
__sglue                                           c:/users/user/appdata/roaming/code/user/globalstorage/bmd.stm32-for-vscode/@xpack-dev-tools/arm-none-eabi-gcc/12.2.1-1.2.1/.content/bin/../lib/gcc/arm-none-eabi/12.2.1/../../../../arm-none-eabi/lib/thumb/v6-m/nofp\libc_nano.a(libc_a-findfp.o)
                                                  c:/users/user/appdata/roaming/code/user/globalstorage/bmd.stm32-for-vscode/@xpack-dev-tools/arm-none-eabi-gcc/12.2.1-1.2.1/.content/bin/../lib/gcc/arm-none-eabi/12.2.1/../../../../arm-none-eabi/lib/thumb/v6-m/nofp\libc_nano.a(libc_a-fflush.o)
__sinit                                           c:/users/user/appdata/roaming/code/user/globalstorage/bmd.stm32-for-vscode/@xpack-dev-tools/arm-none-eabi-gcc/12.2.1-1.2.1/.content/bin/../lib/gcc/arm-none-eabi/12.2.1/../../../../arm-none-eabi/lib/thumb/v6-m/nofp\libc_nano.a(libc_a-findfp.o)
                                                  c:/users/user/appdata/roaming/code/user/globalstorage/bmd.stm32-for-vscode/@xpack-dev-tools/arm-none-eabi-gcc/12.2.1-1.2.1/.content/bin/../lib/gcc/arm-none-eabi/12.2.1/../../../../arm-none-eabi/lib/thumb/v6-m/nofp\libc_nano.a(libc_a-fflush.o)
__sread                                           c:/users/user/appdata/roaming/code/user/globalstorage/bmd.stm32-for-vscode/@xpack-dev-tools/arm-none-eabi-gcc/12.2.1-1.2.1/.content/bin/../lib/gcc/arm-none-eabi/12.2.1/../../../../arm-none-eabi/lib/thumb/v6-m/nofp\libc_nano.a(libc_a-stdio.o)
                                                  c:/users/user/appdata/roaming/code/user/globalstorage/bmd.stm32-for-vscode/@xpack-dev-tools/arm-none-eabi-gcc/12.2.1-1.2.1/.content/bin/../lib/gcc/arm-none-eabi/12.2.1/../../../../arm-none-eabi/lib/thumb/v6-m/nofp\libc_nano.a(libc_a-findfp.o)
__sseek                                           c:/users/user/appdata/roaming/code/user/globalstorage/bmd.stm32-for-vscode/@xpack-dev-tools/arm-none-eabi-gcc/12.2.1-1.2.1/.content/bin/../lib/gcc/arm-none-eabi/12.2.1/../../../../arm-none-eabi/lib/thumb/v6-m/nofp\libc_nano.a(libc_a-stdio.o)
                                                  c:/users/user/appdata/roaming/code/user/globalstorage/bmd.stm32-for-vscode/@xpack-dev-tools/arm-none-eabi-gcc/12.2.1-1.2.1/.content/bin/../lib/gcc/arm-none-eabi/12.2.1/../../../../arm-none-eabi/lib/thumb/v6-m/nofp\libc_nano.a(libc_a-findfp.o)
__stack                                           c:/users/user/appdata/roaming/code/user/globalstorage/bmd.stm32-for-vscode/@xpack-dev-tools/arm-none-eabi-gcc/12.2.1-1.2.1/.content/bin/../lib/gcc/arm-none-eabi/12.2.1/../../../../arm-none-eabi/lib/thumb/v6-m/nofp/crt0.o
__stdio_exit_handler                              c:/users/user/appdata/roaming/code/user/globalstorage/bmd.stm32-for-vscode/@xpack-dev-tools/arm-none-eabi-gcc/12.2.1-1.2.1/.content/bin/../lib/gcc/arm-none-eabi/12.2.1/../../../../arm-none-eabi/lib/thumb/v6-m/nofp\libc_nano.a(libc_a-findfp.o)
                                                  c:/users/user/appdata/roaming/code/user/globalstorage/bmd.stm32-for-vscode/@xpack-dev-tools/arm-none-eabi-gcc/12.2.1-1.2.1/.content/bin/../lib/gcc/arm-none-eabi/12.2.1/../../../../arm-none-eabi/lib/thumb/v6-m/nofp\libc_nano.a(libc_a-exit.o)
__swrite                                          c:/users/user/appdata/roaming/code/user/globalstorage/bmd.stm32-for-vscode/@xpack-dev-tools/arm-none-eabi-gcc/12.2.1-1.2.1/.content/bin/../lib/gcc/arm-none-eabi/12.2.1/../../../../arm-none-eabi/lib/thumb/v6-m/nofp\libc_nano.a(libc_a-stdio.o)
                                                  c:/users/user/appdata/roaming/code/user/globalstorage/bmd.stm32-for-vscode/@xpack-dev-tools/arm-none-eabi-gcc/12.2.1-1.2.1/.content/bin/../lib/gcc/arm-none-eabi/12.2.1/../../../../arm-none-eabi/lib/thumb/v6-m/nofp\libc_nano.a(libc_a-findfp.o)
__udivsi3                                         c:/users/user/appdata/roaming/code/user/globalstorage/bmd.stm32-for-vscode/@xpack-dev-tools/arm-none-eabi-gcc/12.2.1-1.2.1/.content/bin/../lib/gcc/arm-none-eabi/12.2.1/thumb/v6-m/nofp\libgcc.a(_udivsi3.o)
_close                                            c:/users/user/appdata/roaming/code/user/globalstorage/bmd.stm32-for-vscode/@xpack-dev-tools/arm-none-eabi-gcc/12.2.1-1.2.1/.content/bin/../lib/gcc/arm-none-eabi/12.2.1/../../../../arm-none-eabi/lib/thumb/v6-m/nofp\libnosys.a(close.o)
                                                  c:/users/user/appdata/roaming/code/user/globalstorage/bmd.stm32-for-vscode/@xpack-dev-tools/arm-none-eabi-gcc/12.2.1-1.2.1/.content/bin/../lib/gcc/arm-none-eabi/12.2.1/../../../../arm-none-eabi/lib/thumb/v6-m/nofp\libc_nano.a(libc_a-closer.o)
_close_r                                          c:/users/user/appdata/roaming/code/user/globalstorage/bmd.stm32-for-vscode/@xpack-dev-tools/arm-none-eabi-gcc/12.2.1-1.2.1/.content/bin/../lib/gcc/arm-none-eabi/12.2.1/../../../../arm-none-eabi/lib/thumb/v6-m/nofp\libc_nano.a(libc_a-closer.o)
                                                  c:/users/user/appdata/roaming/code/user/globalstorage/bmd.stm32-for-vscode/@xpack-dev-tools/arm-none-eabi-gcc/12.2.1-1.2.1/.content/bin/../lib/gcc/arm-none-eabi/12.2.1/../../../../arm-none-eabi/lib/thumb/v6-m/nofp\libc_nano.a(libc_a-stdio.o)
_ebss                                             build/startup_stm32f051x8.o
_edata                                            build/startup_stm32f051x8.o
_estack                                           build/startup_stm32f051x8.o
_exit                                             c:/users/user/appdata/roaming/code/user/globalstorage/bmd.stm32-for-vscode/@xpack-dev-tools/arm-none-eabi-gcc/12.2.1-1.2.1/.content/bin/../lib/gcc/arm-none-eabi/12.2.1/../../../../arm-none-eabi/lib/thumb/v6-m/nofp\libnosys.a(_exit.o)
                                                  c:/users/user/appdata/roaming/code/user/globalstorage/bmd.stm32-for-vscode/@xpack-dev-tools/arm-none-eabi-gcc/12.2.1-1.2.1/.content/bin/../lib/gcc/arm-none-eabi/12.2.1/../../../../arm-none-eabi/lib/thumb/v6-m/nofp\libc_nano.a(libc_a-exit.o)
_fflush_r                                         c:/users/user/appdata/roaming/code/user/globalstorage/bmd.stm32-for-vscode/@xpack-dev-tools/arm-none-eabi-gcc/12.2.1-1.2.1/.content/bin/../lib/gcc/arm-none-eabi/12.2.1/../../../../arm-none-eabi/lib/thumb/v6-m/nofp\libc_nano.a(libc_a-fflush.o)
                                                  c:/users/user/appdata/roaming/code/user/globalstorage/bmd.stm32-for-vscode/@xpack-dev-tools/arm-none-eabi-gcc/12.2.1-1.2.1/.content/bin/../lib/gcc/arm-none-eabi/12.2.1/../../../../arm-none-eabi/lib/thumb/v6-m/nofp\libc_nano.a(libc_a-findfp.o)
_fini                                             c:/users/user/appdata/roaming/code/user/globalstorage/bmd.stm32-for-vscode/@xpack-dev-tools/arm-none-eabi-gcc/12.2.1-1.2.1/.content/bin/../lib/gcc/arm-none-eabi/12.2.1/thumb/v6-m/nofp/crti.o
                                                  c:/users/user/appdata/roaming/code/user/globalstorage/bmd.stm32-for-vscode/@xpack-dev-tools/arm-none-eabi-gcc/12.2.1-1.2.1/.content/bin/../lib/gcc/arm-none-eabi/12.2.1/../../../../arm-none-eabi/lib/thumb/v6-m/nofp\libc_nano.a(libc_a-fini.o)
_free_r                                           c:/users/user/appdata/roaming/code/user/globalstorage/bmd.stm32-for-vscode/@xpack-dev-tools/arm-none-eabi-gcc/12.2.1-1.2.1/.content/bin/../lib/gcc/arm-none-eabi/12.2.1/../../../../arm-none-eabi/lib/thumb/v6-m/nofp\libc_nano.a(libc_a-freer.o)
                                                  c:/users/user/appdata/roaming/code/user/globalstorage/bmd.stm32-for-vscode/@xpack-dev-tools/arm-none-eabi-gcc/12.2.1-1.2.1/.content/bin/../lib/gcc/arm-none-eabi/12.2.1/../../../../arm-none-eabi/lib/thumb/v6-m/nofp\libc_nano.a(libc_a-fflush.o)
                                                  c:/users/user/appdata/roaming/code/user/globalstorage/bmd.stm32-for-vscode/@xpack-dev-tools/arm-none-eabi-gcc/12.2.1-1.2.1/.content/bin/../lib/gcc/arm-none-eabi/12.2.1/../../../../arm-none-eabi/lib/thumb/v6-m/nofp\libc_nano.a(libc_a-reent.o)
_fwalk_sglue                                      c:/users/user/appdata/roaming/code/user/globalstorage/bmd.stm32-for-vscode/@xpack-dev-tools/arm-none-eabi-gcc/12.2.1-1.2.1/.content/bin/../lib/gcc/arm-none-eabi/12.2.1/../../../../arm-none-eabi/lib/thumb/v6-m/nofp\libc_nano.a(libc_a-fwalk.o)
                                                  c:/users/user/appdata/roaming/code/user/globalstorage/bmd.stm32-for-vscode/@xpack-dev-tools/arm-none-eabi-gcc/12.2.1-1.2.1/.content/bin/../lib/gcc/arm-none-eabi/12.2.1/../../../../arm-none-eabi/lib/thumb/v6-m/nofp\libc_nano.a(libc_a-fflush.o)
                                                  c:/users/user/appdata/roaming/code/user/globalstorage/bmd.stm32-for-vscode/@xpack-dev-tools/arm-none-eabi-gcc/12.2.1-1.2.1/.content/bin/../lib/gcc/arm-none-eabi/12.2.1/../../../../arm-none-eabi/lib/thumb/v6-m/nofp\libc_nano.a(libc_a-findfp.o)
_impure_data                                      c:/users/user/appdata/roaming/code/user/globalstorage/bmd.stm32-for-vscode/@xpack-dev-tools/arm-none-eabi-gcc/12.2.1-1.2.1/.content/bin/../lib/gcc/arm-none-eabi/12.2.1/../../../../arm-none-eabi/lib/thumb/v6-m/nofp\libc_nano.a(libc_a-impure.o)
                                                  c:/users/user/appdata/roaming/code/user/globalstorage/bmd.stm32-for-vscode/@xpack-dev-tools/arm-none-eabi-gcc/12.2.1-1.2.1/.content/bin/../lib/gcc/arm-none-eabi/12.2.1/../../../../arm-none-eabi/lib/thumb/v6-m/nofp\libc_nano.a(libc_a-fflush.o)
                                                  c:/users/user/appdata/roaming/code/user/globalstorage/bmd.stm32-for-vscode/@xpack-dev-tools/arm-none-eabi-gcc/12.2.1-1.2.1/.content/bin/../lib/gcc/arm-none-eabi/12.2.1/../../../../arm-none-eabi/lib/thumb/v6-m/nofp\libc_nano.a(libc_a-findfp.o)
_impure_ptr                                       c:/users/user/appdata/roaming/code/user/globalstorage/bmd.stm32-for-vscode/@xpack-dev-tools/arm-none-eabi-gcc/12.2.1-1.2.1/.content/bin/../lib/gcc/arm-none-eabi/12.2.1/../../../../arm-none-eabi/lib/thumb/v6-m/nofp\libc_nano.a(libc_a-impure.o)
                                                  c:/users/user/appdata/roaming/code/user/globalstorage/bmd.stm32-for-vscode/@xpack-dev-tools/arm-none-eabi-gcc/12.2.1-1.2.1/.content/bin/../lib/gcc/arm-none-eabi/12.2.1/../../../../arm-none-eabi/lib/thumb/v6-m/nofp\libc_nano.a(libc_a-fflush.o)
                                                  c:/users/user/appdata/roaming/code/user/globalstorage/bmd.stm32-for-vscode/@xpack-dev-tools/arm-none-eabi-gcc/12.2.1-1.2.1/.content/bin/../lib/gcc/arm-none-eabi/12.2.1/../../../../arm-none-eabi/lib/thumb/v6-m/nofp\libc_nano.a(libc_a-reent.o)
_init                                             c:/users/user/appdata/roaming/code/user/globalstorage/bmd.stm32-for-vscode/@xpack-dev-tools/arm-none-eabi-gcc/12.2.1-1.2.1/.content/bin/../lib/gcc/arm-none-eabi/12.2.1/thumb/v6-m/nofp/crti.o
                                                  c:/users/user/appdata/roaming/code/user/globalstorage/bmd.stm32-for-vscode/@xpack-dev-tools/arm-none-eabi-gcc/12.2.1-1.2.1/.content/bin/../lib/gcc/arm-none-eabi/12.2.1/../../../../arm-none-eabi/lib/thumb/v6-m/nofp\libc_nano.a(libc_a-init.o)
_lseek                                            c:/users/user/appdata/roaming/code/user/globalstorage/bmd.stm32-for-vscode/@xpack-dev-tools/arm-none-eabi-gcc/12.2.1-1.2.1/.content/bin/../lib/gcc/arm-none-eabi/12.2.1/../../../../arm-none-eabi/lib/thumb/v6-m/nofp\libnosys.a(lseek.o)
                                                  c:/users/user/appdata/roaming/code/user/globalstorage/bmd.stm32-for-vscode/@xpack-dev-tools/arm-none-eabi-gcc/12.2.1-1.2.1/.content/bin/../lib/gcc/arm-none-eabi/12.2.1/../../../../arm-none-eabi/lib/thumb/v6-m/nofp\libc_nano.a(libc_a-lseekr.o)
_lseek_r                                          c:/users/user/appdata/roaming/code/user/globalstorage/bmd.stm32-for-vscode/@xpack-dev-tools/arm-none-eabi-gcc/12.2.1-1.2.1/.content/bin/../lib/gcc/arm-none-eabi/12.2.1/../../../../arm-none-eabi/lib/thumb/v6-m/nofp\libc_nano.a(libc_a-lseekr.o)
                                                  c:/users/user/appdata/roaming/code/user/globalstorage/bmd.stm32-for-vscode/@xpack-dev-tools/arm-none-eabi-gcc/12.2.1-1.2.1/.content/bin/../lib/gcc/arm-none-eabi/12.2.1/../../../../arm-none-eabi/lib/thumb/v6-m/nofp\libc_nano.a(libc_a-stdio.o)
_mainCRTStartup                                   c:/users/user/appdata/roaming/code/user/globalstorage/bmd.stm32-for-vscode/@xpack-dev-tools/arm-none-eabi-gcc/12.2.1-1.2.1/.content/bin/../lib/gcc/arm-none-eabi/12.2.1/../../../../arm-none-eabi/lib/thumb/v6-m/nofp/crt0.o
_malloc_r                                         c:/users/user/appdata/roaming/code/user/globalstorage/bmd.stm32-for-vscode/@xpack-dev-tools/arm-none-eabi-gcc/12.2.1-1.2.1/.content/bin/../lib/gcc/arm-none-eabi/12.2.1/../../../../arm-none-eabi/lib/thumb/v6-m/nofp\libc_nano.a(libc_a-mallocr.o)
                                                  c:/users/user/appdata/roaming/code/user/globalstorage/bmd.stm32-for-vscode/@xpack-dev-tools/arm-none-eabi-gcc/12.2.1-1.2.1/.content/bin/../lib/gcc/arm-none-eabi/12.2.1/../../../../arm-none-eabi/lib/thumb/v6-m/nofp\libc_nano.a(libc_a-findfp.o)
_read                                             c:/users/user/appdata/roaming/code/user/globalstorage/bmd.stm32-for-vscode/@xpack-dev-tools/arm-none-eabi-gcc/12.2.1-1.2.1/.content/bin/../lib/gcc/arm-none-eabi/12.2.1/../../../../arm-none-eabi/lib/thumb/v6-m/nofp\libnosys.a(read.o)
                                                  c:/users/user/appdata/roaming/code/user/globalstorage/bmd.stm32-for-vscode/@xpack-dev-tools/arm-none-eabi-gcc/12.2.1-1.2.1/.content/bin/../lib/gcc/arm-none-eabi/12.2.1/../../../../arm-none-eabi/lib/thumb/v6-m/nofp\libc_nano.a(libc_a-readr.o)
_read_r                                           c:/users/user/appdata/roaming/code/user/globalstorage/bmd.stm32-for-vscode/@xpack-dev-tools/arm-none-eabi-gcc/12.2.1-1.2.1/.content/bin/../lib/gcc/arm-none-eabi/12.2.1/../../../../arm-none-eabi/lib/thumb/v6-m/nofp\libc_nano.a(libc_a-readr.o)
                                                  c:/users/user/appdata/roaming/code/user/globalstorage/bmd.stm32-for-vscode/@xpack-dev-tools/arm-none-eabi-gcc/12.2.1-1.2.1/.content/bin/../lib/gcc/arm-none-eabi/12.2.1/../../../../arm-none-eabi/lib/thumb/v6-m/nofp\libc_nano.a(libc_a-stdio.o)
_reclaim_reent                                    c:/users/user/appdata/roaming/code/user/globalstorage/bmd.stm32-for-vscode/@xpack-dev-tools/arm-none-eabi-gcc/12.2.1-1.2.1/.content/bin/../lib/gcc/arm-none-eabi/12.2.1/../../../../arm-none-eabi/lib/thumb/v6-m/nofp\libc_nano.a(libc_a-reent.o)
_sbrk                                             c:/users/user/appdata/roaming/code/user/globalstorage/bmd.stm32-for-vscode/@xpack-dev-tools/arm-none-eabi-gcc/12.2.1-1.2.1/.content/bin/../lib/gcc/arm-none-eabi/12.2.1/../../../../arm-none-eabi/lib/thumb/v6-m/nofp\libnosys.a(sbrk.o)
                                                  c:/users/user/appdata/roaming/code/user/globalstorage/bmd.stm32-for-vscode/@xpack-dev-tools/arm-none-eabi-gcc/12.2.1-1.2.1/.content/bin/../lib/gcc/arm-none-eabi/12.2.1/../../../../arm-none-eabi/lib/thumb/v6-m/nofp\libc_nano.a(libc_a-sbrkr.o)
_sbrk_r                                           c:/users/user/appdata/roaming/code/user/globalstorage/bmd.stm32-for-vscode/@xpack-dev-tools/arm-none-eabi-gcc/12.2.1-1.2.1/.content/bin/../lib/gcc/arm-none-eabi/12.2.1/../../../../arm-none-eabi/lib/thumb/v6-m/nofp\libc_nano.a(libc_a-sbrkr.o)
                                                  c:/users/user/appdata/roaming/code/user/globalstorage/bmd.stm32-for-vscode/@xpack-dev-tools/arm-none-eabi-gcc/12.2.1-1.2.1/.content/bin/../lib/gcc/arm-none-eabi/12.2.1/../../../../arm-none-eabi/lib/thumb/v6-m/nofp\libc_nano.a(libc_a-mallocr.o)
_sbss                                             build/startup_stm32f051x8.o
_sdata                                            build/startup_stm32f051x8.o
_sidata                                           build/startup_stm32f051x8.o
_stack_init                                       c:/users/user/appdata/roaming/code/user/globalstorage/bmd.stm32-for-vscode/@xpack-dev-tools/arm-none-eabi-gcc/12.2.1-1.2.1/.content/bin/../lib/gcc/arm-none-eabi/12.2.1/../../../../arm-none-eabi/lib/thumb/v6-m/nofp/crt0.o
_start                                            c:/users/user/appdata/roaming/code/user/globalstorage/bmd.stm32-for-vscode/@xpack-dev-tools/arm-none-eabi-gcc/12.2.1-1.2.1/.content/bin/../lib/gcc/arm-none-eabi/12.2.1/../../../../arm-none-eabi/lib/thumb/v6-m/nofp/crt0.o
_write                                            c:/users/user/appdata/roaming/code/user/globalstorage/bmd.stm32-for-vscode/@xpack-dev-tools/arm-none-eabi-gcc/12.2.1-1.2.1/.content/bin/../lib/gcc/arm-none-eabi/12.2.1/../../../../arm-none-eabi/lib/thumb/v6-m/nofp\libnosys.a(write.o)
                                                  c:/users/user/appdata/roaming/code/user/globalstorage/bmd.stm32-for-vscode/@xpack-dev-tools/arm-none-eabi-gcc/12.2.1-1.2.1/.content/bin/../lib/gcc/arm-none-eabi/12.2.1/../../../../arm-none-eabi/lib/thumb/v6-m/nofp\libc_nano.a(libc_a-writer.o)
_write_r                                          c:/users/user/appdata/roaming/code/user/globalstorage/bmd.stm32-for-vscode/@xpack-dev-tools/arm-none-eabi-gcc/12.2.1-1.2.1/.content/bin/../lib/gcc/arm-none-eabi/12.2.1/../../../../arm-none-eabi/lib/thumb/v6-m/nofp\libc_nano.a(libc_a-writer.o)
                                                  c:/users/user/appdata/roaming/code/user/globalstorage/bmd.stm32-for-vscode/@xpack-dev-tools/arm-none-eabi-gcc/12.2.1-1.2.1/.content/bin/../lib/gcc/arm-none-eabi/12.2.1/../../../../arm-none-eabi/lib/thumb/v6-m/nofp\libc_nano.a(libc_a-stdio.o)
adcLCDdisplay                                     build/main.o
atexit                                            c:/users/user/appdata/roaming/code/user/globalstorage/bmd.stm32-for-vscode/@xpack-dev-tools/arm-none-eabi-gcc/12.2.1-1.2.1/.content/bin/../lib/gcc/arm-none-eabi/12.2.1/../../../../arm-none-eabi/lib/thumb/v6-m/nofp\libc_nano.a(libc_a-atexit.o)
                                                  c:/users/user/appdata/roaming/code/user/globalstorage/bmd.stm32-for-vscode/@xpack-dev-tools/arm-none-eabi-gcc/12.2.1-1.2.1/.content/bin/../lib/gcc/arm-none-eabi/12.2.1/../../../../arm-none-eabi/lib/thumb/v6-m/nofp/crt0.o
delay                                             build/main.o
displayADC                                        build/main.o
end                                               c:/users/user/appdata/roaming/code/user/globalstorage/bmd.stm32-for-vscode/@xpack-dev-tools/arm-none-eabi-gcc/12.2.1-1.2.1/.content/bin/../lib/gcc/arm-none-eabi/12.2.1/../../../../arm-none-eabi/lib/thumb/v6-m/nofp\libnosys.a(sbrk.o)
errno                                             c:/users/user/appdata/roaming/code/user/globalstorage/bmd.stm32-for-vscode/@xpack-dev-tools/arm-none-eabi-gcc/12.2.1-1.2.1/.content/bin/../lib/gcc/arm-none-eabi/12.2.1/../../../../arm-none-eabi/lib/thumb/v6-m/nofp\libc_nano.a(libc_a-reent.o)
                                                  c:/users/user/appdata/roaming/code/user/globalstorage/bmd.stm32-for-vscode/@xpack-dev-tools/arm-none-eabi-gcc/12.2.1-1.2.1/.content/bin/../lib/gcc/arm-none-eabi/12.2.1/../../../../arm-none-eabi/lib/thumb/v6-m/nofp\libnosys.a(write.o)
                                                  c:/users/user/appdata/roaming/code/user/globalstorage/bmd.stm32-for-vscode/@xpack-dev-tools/arm-none-eabi-gcc/12.2.1-1.2.1/.content/bin/../lib/gcc/arm-none-eabi/12.2.1/../../../../arm-none-eabi/lib/thumb/v6-m/nofp\libnosys.a(read.o)
                                                  c:/users/user/appdata/roaming/code/user/globalstorage/bmd.stm32-for-vscode/@xpack-dev-tools/arm-none-eabi-gcc/12.2.1-1.2.1/.content/bin/../lib/gcc/arm-none-eabi/12.2.1/../../../../arm-none-eabi/lib/thumb/v6-m/nofp\libnosys.a(lseek.o)
                                                  c:/users/user/appdata/roaming/code/user/globalstorage/bmd.stm32-for-vscode/@xpack-dev-tools/arm-none-eabi-gcc/12.2.1-1.2.1/.content/bin/../lib/gcc/arm-none-eabi/12.2.1/../../../../arm-none-eabi/lib/thumb/v6-m/nofp\libnosys.a(close.o)
                                                  c:/users/user/appdata/roaming/code/user/globalstorage/bmd.stm32-for-vscode/@xpack-dev-tools/arm-none-eabi-gcc/12.2.1-1.2.1/.content/bin/../lib/gcc/arm-none-eabi/12.2.1/../../../../arm-none-eabi/lib/thumb/v6-m/nofp\libc_nano.a(libc_a-sbrkr.o)
                                                  c:/users/user/appdata/roaming/code/user/globalstorage/bmd.stm32-for-vscode/@xpack-dev-tools/arm-none-eabi-gcc/12.2.1-1.2.1/.content/bin/../lib/gcc/arm-none-eabi/12.2.1/../../../../arm-none-eabi/lib/thumb/v6-m/nofp\libc_nano.a(libc_a-writer.o)
                                                  c:/users/user/appdata/roaming/code/user/globalstorage/bmd.stm32-for-vscode/@xpack-dev-tools/arm-none-eabi-gcc/12.2.1-1.2.1/.content/bin/../lib/gcc/arm-none-eabi/12.2.1/../../../../arm-none-eabi/lib/thumb/v6-m/nofp\libc_nano.a(libc_a-readr.o)
                                                  c:/users/user/appdata/roaming/code/user/globalstorage/bmd.stm32-for-vscode/@xpack-dev-tools/arm-none-eabi-gcc/12.2.1-1.2.1/.content/bin/../lib/gcc/arm-none-eabi/12.2.1/../../../../arm-none-eabi/lib/thumb/v6-m/nofp\libc_nano.a(libc_a-lseekr.o)
                                                  c:/users/user/appdata/roaming/code/user/globalstorage/bmd.stm32-for-vscode/@xpack-dev-tools/arm-none-eabi-gcc/12.2.1-1.2.1/.content/bin/../lib/gcc/arm-none-eabi/12.2.1/../../../../arm-none-eabi/lib/thumb/v6-m/nofp\libc_nano.a(libc_a-closer.o)
exit                                              c:/users/user/appdata/roaming/code/user/globalstorage/bmd.stm32-for-vscode/@xpack-dev-tools/arm-none-eabi-gcc/12.2.1-1.2.1/.content/bin/../lib/gcc/arm-none-eabi/12.2.1/../../../../arm-none-eabi/lib/thumb/v6-m/nofp\libc_nano.a(libc_a-exit.o)
                                                  c:/users/user/appdata/roaming/code/user/globalstorage/bmd.stm32-for-vscode/@xpack-dev-tools/arm-none-eabi-gcc/12.2.1-1.2.1/.content/bin/../lib/gcc/arm-none-eabi/12.2.1/../../../../arm-none-eabi/lib/thumb/v6-m/nofp/crt0.o
fflush                                            c:/users/user/appdata/roaming/code/user/globalstorage/bmd.stm32-for-vscode/@xpack-dev-tools/arm-none-eabi-gcc/12.2.1-1.2.1/.content/bin/../lib/gcc/arm-none-eabi/12.2.1/../../../../arm-none-eabi/lib/thumb/v6-m/nofp\libc_nano.a(libc_a-fflush.o)
frontLED                                          build/main.o
frontThreshold                                    build/main.o
g_pfnVectors                                      build/startup_stm32f051x8.o
hardware_init_hook                                c:/users/user/appdata/roaming/code/user/globalstorage/bmd.stm32-for-vscode/@xpack-dev-tools/arm-none-eabi-gcc/12.2.1-1.2.1/.content/bin/../lib/gcc/arm-none-eabi/12.2.1/../../../../arm-none-eabi/lib/thumb/v6-m/nofp/crt0.o
holdOnFront                                       build/main.o
init_ADC                                          build/main.o
init_GPIOA                                        build/main.o
init_GPIOB                                        build/main.o
init_LCD                                          build/main.o
init_TIM14                                        build/main.o
lcd_command                                       build/main.o
lcd_putchar                                       build/main.o
lcd_putstring                                     build/main.o
leftLED                                           build/main.o
main                                              build/main.o
                                                  build/startup_stm32f051x8.o
                                                  c:/users/user/appdata/roaming/code/user/globalstorage/bmd.stm32-for-vscode/@xpack-dev-tools/arm-none-eabi-gcc/12.2.1-1.2.1/.content/bin/../lib/gcc/arm-none-eabi/12.2.1/../../../../arm-none-eabi/lib/thumb/v6-m/nofp/crt0.o
malloc                                            c:/users/user/appdata/roaming/code/user/globalstorage/bmd.stm32-for-vscode/@xpack-dev-tools/arm-none-eabi-gcc/12.2.1-1.2.1/.content/bin/../lib/gcc/arm-none-eabi/12.2.1/../../../../arm-none-eabi/lib/thumb/v6-m/nofp\libc_nano.a(libc_a-__atexit.o)
memset                                            c:/users/user/appdata/roaming/code/user/globalstorage/bmd.stm32-for-vscode/@xpack-dev-tools/arm-none-eabi-gcc/12.2.1-1.2.1/.content/bin/../lib/gcc/arm-none-eabi/12.2.1/../../../../arm-none-eabi/lib/thumb/v6-m/nofp\libc_nano.a(libc_a-memset.o)
                                                  c:/users/user/appdata/roaming/code/user/globalstorage/bmd.stm32-for-vscode/@xpack-dev-tools/arm-none-eabi-gcc/12.2.1-1.2.1/.content/bin/../lib/gcc/arm-none-eabi/12.2.1/../../../../arm-none-eabi/lib/thumb/v6-m/nofp\libc_nano.a(libc_a-findfp.o)
                                                  c:/users/user/appdata/roaming/code/user/globalstorage/bmd.stm32-for-vscode/@xpack-dev-tools/arm-none-eabi-gcc/12.2.1-1.2.1/.content/bin/../lib/gcc/arm-none-eabi/12.2.1/../../../../arm-none-eabi/lib/thumb/v6-m/nofp/crt0.o
pulse_strobe                                      build/main.o
rightLED                                          build/main.o
sideThreshold                                     build/main.o
software_init_hook                                c:/users/user/appdata/roaming/code/user/globalstorage/bmd.stm32-for-vscode/@xpack-dev-tools/arm-none-eabi-gcc/12.2.1-1.2.1/.content/bin/../lib/gcc/arm-none-eabi/12.2.1/../../../../arm-none-eabi/lib/thumb/v6-m/nofp/crt0.o
steadyLED                                         build/main.o
